16:29:53 **** Build of project uart_stm32_bsp ****
make -k all 
"Running Make include in ps7_cortexa9_0/libsrc/coresightps_dcc_v1_4/src"
make -C ps7_cortexa9_0/libsrc/coresightps_dcc_v1_4/src -s include  "SHELL=CMD" "COMPILER=arm-none-eabi-gcc" "ARCHIVER=arm-none-eabi-ar" "COMPILER_FLAGS=  -O2 -c" "EXTRA_COMPILER_FLAGS=-mcpu=cortex-a9 -mfpu=vfpv3 -mfloat-abi=hard -nostartfiles -g -Wall -Wextra"
"Running Make include in ps7_cortexa9_0/libsrc/cpu_cortexa9_v2_6/src"
make -C ps7_cortexa9_0/libsrc/cpu_cortexa9_v2_6/src -s include  "SHELL=CMD" "COMPILER=arm-none-eabi-gcc" "ARCHIVER=arm-none-eabi-ar" "COMPILER_FLAGS=  -O2 -c" "EXTRA_COMPILER_FLAGS=-mcpu=cortex-a9 -mfpu=vfpv3 -mfloat-abi=hard -nostartfiles -g -Wall -Wextra"
"Running Make include in ps7_cortexa9_0/libsrc/ddrps_v1_0/src"
make -C ps7_cortexa9_0/libsrc/ddrps_v1_0/src -s include  "SHELL=CMD" "COMPILER=arm-none-eabi-gcc" "ARCHIVER=arm-none-eabi-ar" "COMPILER_FLAGS=  -O2 -c" "EXTRA_COMPILER_FLAGS=-mcpu=cortex-a9 -mfpu=vfpv3 -mfloat-abi=hard -nostartfiles -g -Wall -Wextra"
"Running Make include in ps7_cortexa9_0/libsrc/devcfg_v3_5/src"
make -C ps7_cortexa9_0/libsrc/devcfg_v3_5/src -s include  "SHELL=CMD" "COMPILER=arm-none-eabi-gcc" "ARCHIVER=arm-none-eabi-ar" "COMPILER_FLAGS=  -O2 -c" "EXTRA_COMPILER_FLAGS=-mcpu=cortex-a9 -mfpu=vfpv3 -mfloat-abi=hard -nostartfiles -g -Wall -Wextra"
"Running Make include in ps7_cortexa9_0/libsrc/dmaps_v2_3/src"
make -C ps7_cortexa9_0/libsrc/dmaps_v2_3/src -s include  "SHELL=CMD" "COMPILER=arm-none-eabi-gcc" "ARCHIVER=arm-none-eabi-ar" "COMPILER_FLAGS=  -O2 -c" "EXTRA_COMPILER_FLAGS=-mcpu=cortex-a9 -mfpu=vfpv3 -mfloat-abi=hard -nostartfiles -g -Wall -Wextra"
"Running Make include in ps7_cortexa9_0/libsrc/qspips_v3_4/src"
make -C ps7_cortexa9_0/libsrc/qspips_v3_4/src -s include  "SHELL=CMD" "COMPILER=arm-none-eabi-gcc" "ARCHIVER=arm-none-eabi-ar" "COMPILER_FLAGS=  -O2 -c" "EXTRA_COMPILER_FLAGS=-mcpu=cortex-a9 -mfpu=vfpv3 -mfloat-abi=hard -nostartfiles -g -Wall -Wextra"
"Running Make include in ps7_cortexa9_0/libsrc/scugic_v3_9/src"
make -C ps7_cortexa9_0/libsrc/scugic_v3_9/src -s include  "SHELL=CMD" "COMPILER=arm-none-eabi-gcc" "ARCHIVER=arm-none-eabi-ar" "COMPILER_FLAGS=  -O2 -c" "EXTRA_COMPILER_FLAGS=-mcpu=cortex-a9 -mfpu=vfpv3 -mfloat-abi=hard -nostartfiles -g -Wall -Wextra"
"Running Make include in ps7_cortexa9_0/libsrc/scutimer_v2_1/src"
make -C ps7_cortexa9_0/libsrc/scutimer_v2_1/src -s include  "SHELL=CMD" "COMPILER=arm-none-eabi-gcc" "ARCHIVER=arm-none-eabi-ar" "COMPILER_FLAGS=  -O2 -c" "EXTRA_COMPILER_FLAGS=-mcpu=cortex-a9 -mfpu=vfpv3 -mfloat-abi=hard -nostartfiles -g -Wall -Wextra"
"Running Make include in ps7_cortexa9_0/libsrc/scuwdt_v2_1/src"
make -C ps7_cortexa9_0/libsrc/scuwdt_v2_1/src -s include  "SHELL=CMD" "COMPILER=arm-none-eabi-gcc" "ARCHIVER=arm-none-eabi-ar" "COMPILER_FLAGS=  -O2 -c" "EXTRA_COMPILER_FLAGS=-mcpu=cortex-a9 -mfpu=vfpv3 -mfloat-abi=hard -nostartfiles -g -Wall -Wextra"
"Running Make include in ps7_cortexa9_0/libsrc/standalone_v6_7/src"
make -C ps7_cortexa9_0/libsrc/standalone_v6_7/src -s include  "SHELL=CMD" "COMPILER=arm-none-eabi-gcc" "ARCHIVER=arm-none-eabi-ar" "COMPILER_FLAGS=  -O2 -c" "EXTRA_COMPILER_FLAGS=-mcpu=cortex-a9 -mfpu=vfpv3 -mfloat-abi=hard -nostartfiles -g -Wall -Wextra"
"Running Make include in ps7_cortexa9_0/libsrc/uartlite_v3_2/src"
make -C ps7_cortexa9_0/libsrc/uartlite_v3_2/src -s include  "SHELL=CMD" "COMPILER=arm-none-eabi-gcc" "ARCHIVER=arm-none-eabi-ar" "COMPILER_FLAGS=  -O2 -c" "EXTRA_COMPILER_FLAGS=-mcpu=cortex-a9 -mfpu=vfpv3 -mfloat-abi=hard -nostartfiles -g -Wall -Wextra"
"Running Make include in ps7_cortexa9_0/libsrc/uartps_v3_6/src"
make -C ps7_cortexa9_0/libsrc/uartps_v3_6/src -s include  "SHELL=CMD" "COMPILER=arm-none-eabi-gcc" "ARCHIVER=arm-none-eabi-ar" "COMPILER_FLAGS=  -O2 -c" "EXTRA_COMPILER_FLAGS=-mcpu=cortex-a9 -mfpu=vfpv3 -mfloat-abi=hard -nostartfiles -g -Wall -Wextra"
"Running Make include in ps7_cortexa9_0/libsrc/xadcps_v2_2/src"
make -C ps7_cortexa9_0/libsrc/xadcps_v2_2/src -s include  "SHELL=CMD" "COMPILER=arm-none-eabi-gcc" "ARCHIVER=arm-none-eabi-ar" "COMPILER_FLAGS=  -O2 -c" "EXTRA_COMPILER_FLAGS=-mcpu=cortex-a9 -mfpu=vfpv3 -mfloat-abi=hard -nostartfiles -g -Wall -Wextra"
"Running Make libs in ps7_cortexa9_0/libsrc/coresightps_dcc_v1_4/src"
make -C ps7_cortexa9_0/libsrc/coresightps_dcc_v1_4/src -s libs  "SHELL=CMD" "COMPILER=arm-none-eabi-gcc" "ARCHIVER=arm-none-eabi-ar" "COMPILER_FLAGS=  -O2 -c" "EXTRA_COMPILER_FLAGS=-mcpu=cortex-a9 -mfpu=vfpv3 -mfloat-abi=hard -nostartfiles -g -Wall -Wextra"
"Compiling coresightps_dcc"
arm-none-eabi-ar: creating ../../../lib/libxil.a
"Running Make libs in ps7_cortexa9_0/libsrc/cpu_cortexa9_v2_6/src"
make -C ps7_cortexa9_0/libsrc/cpu_cortexa9_v2_6/src -s libs  "SHELL=CMD" "COMPILER=arm-none-eabi-gcc" "ARCHIVER=arm-none-eabi-ar" "COMPILER_FLAGS=  -O2 -c" "EXTRA_COMPILER_FLAGS=-mcpu=cortex-a9 -mfpu=vfpv3 -mfloat-abi=hard -nostartfiles -g -Wall -Wextra"
"Compiling cpu_cortexa9"
"Running Make libs in ps7_cortexa9_0/libsrc/ddrps_v1_0/src"
make -C ps7_cortexa9_0/libsrc/ddrps_v1_0/src -s libs  "SHELL=CMD" "COMPILER=arm-none-eabi-gcc" "ARCHIVER=arm-none-eabi-ar" "COMPILER_FLAGS=  -O2 -c" "EXTRA_COMPILER_FLAGS=-mcpu=cortex-a9 -mfpu=vfpv3 -mfloat-abi=hard -nostartfiles -g -Wall -Wextra"
"Compiling ddrps"
"Running Make libs in ps7_cortexa9_0/libsrc/devcfg_v3_5/src"
make -C ps7_cortexa9_0/libsrc/devcfg_v3_5/src -s libs  "SHELL=CMD" "COMPILER=arm-none-eabi-gcc" "ARCHIVER=arm-none-eabi-ar" "COMPILER_FLAGS=  -O2 -c" "EXTRA_COMPILER_FLAGS=-mcpu=cortex-a9 -mfpu=vfpv3 -mfloat-abi=hard -nostartfiles -g -Wall -Wextra"
"Compiling devcfg"
"Running Make libs in ps7_cortexa9_0/libsrc/dmaps_v2_3/src"
make -C ps7_cortexa9_0/libsrc/dmaps_v2_3/src -s libs  "SHELL=CMD" "COMPILER=arm-none-eabi-gcc" "ARCHIVER=arm-none-eabi-ar" "COMPILER_FLAGS=  -O2 -c" "EXTRA_COMPILER_FLAGS=-mcpu=cortex-a9 -mfpu=vfpv3 -mfloat-abi=hard -nostartfiles -g -Wall -Wextra"
"Compiling dmaps"
"Running Make libs in ps7_cortexa9_0/libsrc/qspips_v3_4/src"
make -C ps7_cortexa9_0/libsrc/qspips_v3_4/src -s libs  "SHELL=CMD" "COMPILER=arm-none-eabi-gcc" "ARCHIVER=arm-none-eabi-ar" "COMPILER_FLAGS=  -O2 -c" "EXTRA_COMPILER_FLAGS=-mcpu=cortex-a9 -mfpu=vfpv3 -mfloat-abi=hard -nostartfiles -g -Wall -Wextra"
"Compiling qspips"
"Running Make libs in ps7_cortexa9_0/libsrc/scugic_v3_9/src"
make -C ps7_cortexa9_0/libsrc/scugic_v3_9/src -s libs  "SHELL=CMD" "COMPILER=arm-none-eabi-gcc" "ARCHIVER=arm-none-eabi-ar" "COMPILER_FLAGS=  -O2 -c" "EXTRA_COMPILER_FLAGS=-mcpu=cortex-a9 -mfpu=vfpv3 -mfloat-abi=hard -nostartfiles -g -Wall -Wextra"
"Compiling scugic"
"Running Make libs in ps7_cortexa9_0/libsrc/scutimer_v2_1/src"
make -C ps7_cortexa9_0/libsrc/scutimer_v2_1/src -s libs  "SHELL=CMD" "COMPILER=arm-none-eabi-gcc" "ARCHIVER=arm-none-eabi-ar" "COMPILER_FLAGS=  -O2 -c" "EXTRA_COMPILER_FLAGS=-mcpu=cortex-a9 -mfpu=vfpv3 -mfloat-abi=hard -nostartfiles -g -Wall -Wextra"
"Compiling scutimer"
"Running Make libs in ps7_cortexa9_0/libsrc/scuwdt_v2_1/src"
make -C ps7_cortexa9_0/libsrc/scuwdt_v2_1/src -s libs  "SHELL=CMD" "COMPILER=arm-none-eabi-gcc" "ARCHIVER=arm-none-eabi-ar" "COMPILER_FLAGS=  -O2 -c" "EXTRA_COMPILER_FLAGS=-mcpu=cortex-a9 -mfpu=vfpv3 -mfloat-abi=hard -nostartfiles -g -Wall -Wextra"
"Compiling scuwdt"
"Running Make libs in ps7_cortexa9_0/libsrc/standalone_v6_7/src"
make -C ps7_cortexa9_0/libsrc/standalone_v6_7/src -s libs  "SHELL=CMD" "COMPILER=arm-none-eabi-gcc" "ARCHIVER=arm-none-eabi-ar" "COMPILER_FLAGS=  -O2 -c" "EXTRA_COMPILER_FLAGS=-mcpu=cortex-a9 -mfpu=vfpv3 -mfloat-abi=hard -nostartfiles -g -Wall -Wextra"
"Compiling standalone"
In file included from sleep.c:57:0:
xtime_l.h:89:9: note: #pragma message: For the sleep routines, Global timer is being used
 #pragma message ("For the sleep routines, Global timer is being used")
         ^~~~~~~
In file included from usleep.c:60:0:
xtime_l.h:89:9: note: #pragma message: For the sleep routines, Global timer is being used
 #pragma message ("For the sleep routines, Global timer is being used")
         ^~~~~~~
In file included from xil_sleeptimer.c:55:0:
xtime_l.h:89:9: note: #pragma message: For the sleep routines, Global timer is being used
 #pragma message ("For the sleep routines, Global timer is being used")
         ^~~~~~~
In file included from xtime_l.c:53:0:
xtime_l.h:89:9: note: #pragma message: For the sleep routines, Global timer is being used
 #pragma message ("For the sleep routines, Global timer is being used")
         ^~~~~~~
"Running Make libs in ps7_cortexa9_0/libsrc/uartlite_v3_2/src"
make -C ps7_cortexa9_0/libsrc/uartlite_v3_2/src -s libs  "SHELL=CMD" "COMPILER=arm-none-eabi-gcc" "ARCHIVER=arm-none-eabi-ar" "COMPILER_FLAGS=  -O2 -c" "EXTRA_COMPILER_FLAGS=-mcpu=cortex-a9 -mfpu=vfpv3 -mfloat-abi=hard -nostartfiles -g -Wall -Wextra"
"Compiling uartlite"
"Running Make libs in ps7_cortexa9_0/libsrc/uartps_v3_6/src"
make -C ps7_cortexa9_0/libsrc/uartps_v3_6/src -s libs  "SHELL=CMD" "COMPILER=arm-none-eabi-gcc" "ARCHIVER=arm-none-eabi-ar" "COMPILER_FLAGS=  -O2 -c" "EXTRA_COMPILER_FLAGS=-mcpu=cortex-a9 -mfpu=vfpv3 -mfloat-abi=hard -nostartfiles -g -Wall -Wextra"
"Compiling uartps"
"Running Make libs in ps7_cortexa9_0/libsrc/xadcps_v2_2/src"
make -C ps7_cortexa9_0/libsrc/xadcps_v2_2/src -s libs  "SHELL=CMD" "COMPILER=arm-none-eabi-gcc" "ARCHIVER=arm-none-eabi-ar" "COMPILER_FLAGS=  -O2 -c" "EXTRA_COMPILER_FLAGS=-mcpu=cortex-a9 -mfpu=vfpv3 -mfloat-abi=hard -nostartfiles -g -Wall -Wextra"
"Compiling xadcps"
'Finished building libraries'
16:30:11 **** Build of configuration Debug for project uart_stm32 ****
make pre-build main-build 
a9-linaro-pre-build-step
' '
'Building file: ../src/helloworld.c'
'Invoking: ARM v7 gcc compiler'
arm-none-eabi-gcc -Wall -O0 -g3 -c -fmessage-length=0 -MT"src/helloworld.o" -mcpu=cortex-a9 -mfpu=vfpv3 -mfloat-abi=hard -I../../uart_stm32_bsp/ps7_cortexa9_0/include -MMD -MP -MF"src/helloworld.d" -MT"src/helloworld.o" -o "src/helloworld.o" "../src/helloworld.c"
'Finished building: ../src/helloworld.c'
' '
'Building file: ../src/platform.c'
'Invoking: ARM v7 gcc compiler'
arm-none-eabi-gcc -Wall -O0 -g3 -c -fmessage-length=0 -MT"src/platform.o" -mcpu=cortex-a9 -mfpu=vfpv3 -mfloat-abi=hard -I../../uart_stm32_bsp/ps7_cortexa9_0/include -MMD -MP -MF"src/platform.d" -MT"src/platform.o" -o "src/platform.o" "../src/platform.c"
'Finished building: ../src/platform.c'
' '
'Building target: uart_stm32.elf'
'Invoking: ARM v7 gcc linker'
arm-none-eabi-gcc -mcpu=cortex-a9 -mfpu=vfpv3 -mfloat-abi=hard -Wl,-build-id=none -specs=Xilinx.spec -Wl,-T -Wl,../src/lscript.ld -L../../uart_stm32_bsp/ps7_cortexa9_0/lib -o "uart_stm32.elf"  ./src/helloworld.o ./src/platform.o   -Wl,--start-group,-lxil,-lgcc,-lc,--end-group
'Finished building target: uart_stm32.elf'
' '
'Invoking: ARM v7 Print Size'
arm-none-eabi-size uart_stm32.elf  |tee "uart_stm32.elf.size"
   text	   data	    bss	    dec	    hex	filename
  19352	   1144	  22568	  43064	   a838	uart_stm32.elf
'Finished building: uart_stm32.elf.size'
' '
16:30:26 **** Build of configuration Debug for project uart_stm32_bsp_xuartlite_intr_example_1 ****
make pre-build main-build 
a9-linaro-pre-build-step
' '
'Building file: ../src/xuartlite_intr_example.c'
'Invoking: ARM v7 gcc compiler'
arm-none-eabi-gcc -Wall -O0 -g3 -c -fmessage-length=0 -MT"src/xuartlite_intr_example.o" -mcpu=cortex-a9 -mfpu=vfpv3 -mfloat-abi=hard -I../../uart_stm32_bsp/ps7_cortexa9_0/include -MMD -MP -MF"src/xuartlite_intr_example.d" -MT"src/xuartlite_intr_example.o" -o "src/xuartlite_intr_example.o" "../src/xuartlite_intr_example.c"
../src/xuartlite_intr_example.c:65:10: fatal error: xintc.h: No such file or directory
 #include "xintc.h"
          ^~~~~~~~~
compilation terminated.
make: *** [src/xuartlite_intr_example.o] 오류 1
16:36:30 **** Auto Build of configuration Debug for project uart_stm32 ****
make pre-build main-build 
a9-linaro-pre-build-step
' '
'Building file: ../src/helloworld.c'
'Invoking: ARM v7 gcc compiler'
arm-none-eabi-gcc -Wall -O0 -g3 -c -fmessage-length=0 -MT"src/helloworld.o" -mcpu=cortex-a9 -mfpu=vfpv3 -mfloat-abi=hard -I../../uart_stm32_bsp/ps7_cortexa9_0/include -MMD -MP -MF"src/helloworld.d" -MT"src/helloworld.o" -o "src/helloworld.o" "../src/helloworld.c"
../src/helloworld.c:51:10: fatal error: xparameter.h: No such file or directory
 #include "xparameter.h"
          ^~~~~~~~~~~~~~
compilation terminated.
make: *** [src/helloworld.o] 오류 1
16:36:33 **** Auto Build of configuration Debug for project uart_stm32 ****
make pre-build main-build 
a9-linaro-pre-build-step
' '
'Building file: ../src/helloworld.c'
'Invoking: ARM v7 gcc compiler'
arm-none-eabi-gcc -Wall -O0 -g3 -c -fmessage-length=0 -MT"src/helloworld.o" -mcpu=cortex-a9 -mfpu=vfpv3 -mfloat-abi=hard -I../../uart_stm32_bsp/ps7_cortexa9_0/include -MMD -MP -MF"src/helloworld.d" -MT"src/helloworld.o" -o "src/helloworld.o" "../src/helloworld.c"
../src/helloworld.c:51:10: fatal error: xparamater.h: No such file or directory
 #include "xparamater.h"
          ^~~~~~~~~~~~~~
compilation terminated.
make: *** [src/helloworld.o] 오류 1
16:36:41 **** Auto Build of configuration Debug for project uart_stm32 ****
make pre-build main-build 
a9-linaro-pre-build-step
' '
'Building file: ../src/helloworld.c'
'Invoking: ARM v7 gcc compiler'
arm-none-eabi-gcc -Wall -O0 -g3 -c -fmessage-length=0 -MT"src/helloworld.o" -mcpu=cortex-a9 -mfpu=vfpv3 -mfloat-abi=hard -I../../uart_stm32_bsp/ps7_cortexa9_0/include -MMD -MP -MF"src/helloworld.d" -MT"src/helloworld.o" -o "src/helloworld.o" "../src/helloworld.c"
../src/helloworld.c:51:10: fatal error: Xparameter.h: No such file or directory
 #include "Xparameter.h"
          ^~~~~~~~~~~~~~
compilation terminated.
make: *** [src/helloworld.o] 오류 1
16:36:45 **** Auto Build of configuration Debug for project uart_stm32 ****
make pre-build main-build 
a9-linaro-pre-build-step
' '
'Building file: ../src/helloworld.c'
'Invoking: ARM v7 gcc compiler'
arm-none-eabi-gcc -Wall -O0 -g3 -c -fmessage-length=0 -MT"src/helloworld.o" -mcpu=cortex-a9 -mfpu=vfpv3 -mfloat-abi=hard -I../../uart_stm32_bsp/ps7_cortexa9_0/include -MMD -MP -MF"src/helloworld.d" -MT"src/helloworld.o" -o "src/helloworld.o" "../src/helloworld.c"
../src/helloworld.c:51:10: fatal error: XParameter.h: No such file or directory
 #include "XParameter.h"
          ^~~~~~~~~~~~~~
compilation terminated.
make: *** [src/helloworld.o] 오류 1
16:37:32 **** Auto Build of configuration Debug for project uart_stm32 ****
make pre-build main-build 
a9-linaro-pre-build-step
' '
'Building file: ../src/helloworld.c'
'Invoking: ARM v7 gcc compiler'
arm-none-eabi-gcc -Wall -O0 -g3 -c -fmessage-length=0 -MT"src/helloworld.o" -mcpu=cortex-a9 -mfpu=vfpv3 -mfloat-abi=hard -I../../uart_stm32_bsp/ps7_cortexa9_0/include -MMD -MP -MF"src/helloworld.d" -MT"src/helloworld.o" -o "src/helloworld.o" "../src/helloworld.c"
../src/helloworld.c: In function 'main':
../src/helloworld.c:63:14: warning: implicit declaration of function 'UartLiteIntrExample' [-Wimplicit-function-declaration]
     Status = UartLiteIntrExample(XPAR_AXI_UARTLITE_0_DEVICE_ID);
              ^~~~~~~~~~~~~~~~~~~
../src/helloworld.c:64:19: error: 'XST_SUCCESS' undeclared (first use in this function)
     if (Status != XST_SUCCESS) {
                   ^~~~~~~~~~~
../src/helloworld.c:64:19: note: each undeclared identifier is reported only once for each function it appears in
../src/helloworld.c:66:13: error: 'XST_FAILURE' undeclared (first use in this function)
      return XST_FAILURE;
             ^~~~~~~~~~~
../src/helloworld.c:71:6: warning: implicit declaration of function 'XUartLite_Recv' [-Wimplicit-function-declaration]
      XUartLite_Recv(&UartLite, ReceiveBuffer, TEST_BUFFER_SIZE);
      ^~~~~~~~~~~~~~
../src/helloworld.c:71:22: error: 'UartLite' undeclared (first use in this function); did you mean 'fwrite'?
      XUartLite_Recv(&UartLite, ReceiveBuffer, TEST_BUFFER_SIZE);
                      ^~~~~~~~
                      fwrite
../src/helloworld.c:71:32: error: 'ReceiveBuffer' undeclared (first use in this function)
      XUartLite_Recv(&UartLite, ReceiveBuffer, TEST_BUFFER_SIZE);
                                ^~~~~~~~~~~~~
../src/helloworld.c:71:47: error: 'TEST_BUFFER_SIZE' undeclared (first use in this function)
      XUartLite_Recv(&UartLite, ReceiveBuffer, TEST_BUFFER_SIZE);
                                               ^~~~~~~~~~~~~~~~
make: *** [src/helloworld.o] 오류 1
16:37:51 **** Auto Build of configuration Debug for project uart_stm32 ****
make pre-build main-build 
a9-linaro-pre-build-step
' '
'Building file: ../src/helloworld.c'
'Invoking: ARM v7 gcc compiler'
arm-none-eabi-gcc -Wall -O0 -g3 -c -fmessage-length=0 -MT"src/helloworld.o" -mcpu=cortex-a9 -mfpu=vfpv3 -mfloat-abi=hard -I../../uart_stm32_bsp/ps7_cortexa9_0/include -MMD -MP -MF"src/helloworld.d" -MT"src/helloworld.o" -o "src/helloworld.o" "../src/helloworld.c"
../src/helloworld.c: In function 'main':
../src/helloworld.c:63:14: warning: implicit declaration of function 'UartLiteIntrExample' [-Wimplicit-function-declaration]
     Status = UartLiteIntrExample(XPAR_AXI_UARTLITE_0_DEVICE_ID);
              ^~~~~~~~~~~~~~~~~~~
../src/helloworld.c:64:19: error: 'XST_SUCCESS' undeclared (first use in this function)
     if (Status != XST_SUCCESS) {
                   ^~~~~~~~~~~
../src/helloworld.c:64:19: note: each undeclared identifier is reported only once for each function it appears in
../src/helloworld.c:66:13: error: 'XST_FAILURE' undeclared (first use in this function)
      return XST_FAILURE;
             ^~~~~~~~~~~
../src/helloworld.c:71:6: warning: implicit declaration of function 'XUartLite_Recv' [-Wimplicit-function-declaration]
      XUartLite_Recv(&UartLite, ReceiveBuffer, TEST_BUFFER_SIZE);
      ^~~~~~~~~~~~~~
../src/helloworld.c:71:22: error: 'UartLite' undeclared (first use in this function); did you mean 'fwrite'?
      XUartLite_Recv(&UartLite, ReceiveBuffer, TEST_BUFFER_SIZE);
                      ^~~~~~~~
                      fwrite
../src/helloworld.c:71:32: error: 'ReceiveBuffer' undeclared (first use in this function)
      XUartLite_Recv(&UartLite, ReceiveBuffer, TEST_BUFFER_SIZE);
                                ^~~~~~~~~~~~~
../src/helloworld.c:71:47: error: 'TEST_BUFFER_SIZE' undeclared (first use in this function)
      XUartLite_Recv(&UartLite, ReceiveBuffer, TEST_BUFFER_SIZE);
                                               ^~~~~~~~~~~~~~~~
make: *** [src/helloworld.o] 오류 1
16:40:19 **** Auto Build of configuration Debug for project uart_stm32 ****
make pre-build main-build 
a9-linaro-pre-build-step
' '
'Building file: ../src/helloworld.c'
'Invoking: ARM v7 gcc compiler'
arm-none-eabi-gcc -Wall -O0 -g3 -c -fmessage-length=0 -MT"src/helloworld.o" -mcpu=cortex-a9 -mfpu=vfpv3 -mfloat-abi=hard -I../../uart_stm32_bsp/ps7_cortexa9_0/include -MMD -MP -MF"src/helloworld.d" -MT"src/helloworld.o" -o "src/helloworld.o" "../src/helloworld.c"
../src/helloworld.c: In function 'main':
../src/helloworld.c:64:5: error: too few arguments to function 'XUartLite_Initialize'
     XUartLite_Initialize();
     ^~~~~~~~~~~~~~~~~~~~
In file included from ../src/helloworld.c:52:0:
../../uart_stm32_bsp/ps7_cortexa9_0/include/xuartlite.h:244:5: note: declared here
 int XUartLite_Initialize(XUartLite *InstancePtr, u16 DeviceId);
     ^~~~~~~~~~~~~~~~~~~~
../src/helloworld.c:65:14: warning: implicit declaration of function 'UartLiteIntrExample'; did you mean 'XUartLite_Initialize'? [-Wimplicit-function-declaration]
     Status = UartLiteIntrExample(XPAR_AXI_UARTLITE_0_DEVICE_ID);
              ^~~~~~~~~~~~~~~~~~~
              XUartLite_Initialize
../src/helloworld.c:73:22: error: 'UartLite' undeclared (first use in this function); did you mean 'XUartLite'?
      XUartLite_Recv(&UartLite, ReceiveBuffer, TEST_BUFFER_SIZE);
                      ^~~~~~~~
                      XUartLite
../src/helloworld.c:73:22: note: each undeclared identifier is reported only once for each function it appears in
../src/helloworld.c:73:32: error: 'ReceiveBuffer' undeclared (first use in this function)
      XUartLite_Recv(&UartLite, ReceiveBuffer, TEST_BUFFER_SIZE);
                                ^~~~~~~~~~~~~
../src/helloworld.c:73:47: error: 'TEST_BUFFER_SIZE' undeclared (first use in this function)
      XUartLite_Recv(&UartLite, ReceiveBuffer, TEST_BUFFER_SIZE);
                                               ^~~~~~~~~~~~~~~~
../src/helloworld.c:59:15: warning: unused variable 'XUartLite_InstancePtr' [-Wunused-variable]
     XUartLite XUartLite_InstancePtr;
               ^~~~~~~~~~~~~~~~~~~~~
make: *** [src/helloworld.o] 오류 1
16:40:38 **** Auto Build of configuration Debug for project uart_stm32 ****
make pre-build main-build 
a9-linaro-pre-build-step
' '
'Building file: ../src/helloworld.c'
'Invoking: ARM v7 gcc compiler'
arm-none-eabi-gcc -Wall -O0 -g3 -c -fmessage-length=0 -MT"src/helloworld.o" -mcpu=cortex-a9 -mfpu=vfpv3 -mfloat-abi=hard -I../../uart_stm32_bsp/ps7_cortexa9_0/include -MMD -MP -MF"src/helloworld.d" -MT"src/helloworld.o" -o "src/helloworld.o" "../src/helloworld.c"
../src/helloworld.c: In function 'main':
../src/helloworld.c:65:14: warning: implicit declaration of function 'UartLiteIntrExample'; did you mean 'XUartLite_Initialize'? [-Wimplicit-function-declaration]
     Status = UartLiteIntrExample(XPAR_AXI_UARTLITE_0_DEVICE_ID);
              ^~~~~~~~~~~~~~~~~~~
              XUartLite_Initialize
../src/helloworld.c:73:22: error: 'UartLite' undeclared (first use in this function); did you mean 'XUartLite'?
      XUartLite_Recv(&UartLite, ReceiveBuffer, TEST_BUFFER_SIZE);
                      ^~~~~~~~
                      XUartLite
../src/helloworld.c:73:22: note: each undeclared identifier is reported only once for each function it appears in
../src/helloworld.c:73:32: error: 'ReceiveBuffer' undeclared (first use in this function)
      XUartLite_Recv(&UartLite, ReceiveBuffer, TEST_BUFFER_SIZE);
                                ^~~~~~~~~~~~~
../src/helloworld.c:73:47: error: 'TEST_BUFFER_SIZE' undeclared (first use in this function)
      XUartLite_Recv(&UartLite, ReceiveBuffer, TEST_BUFFER_SIZE);
                                               ^~~~~~~~~~~~~~~~
make: *** [src/helloworld.o] 오류 1
16:40:54 **** Auto Build of configuration Debug for project uart_stm32 ****
make pre-build main-build 
a9-linaro-pre-build-step
' '
'Building file: ../src/helloworld.c'
'Invoking: ARM v7 gcc compiler'
arm-none-eabi-gcc -Wall -O0 -g3 -c -fmessage-length=0 -MT"src/helloworld.o" -mcpu=cortex-a9 -mfpu=vfpv3 -mfloat-abi=hard -I../../uart_stm32_bsp/ps7_cortexa9_0/include -MMD -MP -MF"src/helloworld.d" -MT"src/helloworld.o" -o "src/helloworld.o" "../src/helloworld.c"
../src/helloworld.c: In function 'main':
../src/helloworld.c:72:22: error: 'UartLite' undeclared (first use in this function); did you mean 'XUartLite'?
      XUartLite_Recv(&UartLite, ReceiveBuffer, TEST_BUFFER_SIZE);
                      ^~~~~~~~
                      XUartLite
../src/helloworld.c:72:22: note: each undeclared identifier is reported only once for each function it appears in
../src/helloworld.c:72:32: error: 'ReceiveBuffer' undeclared (first use in this function)
      XUartLite_Recv(&UartLite, ReceiveBuffer, TEST_BUFFER_SIZE);
                                ^~~~~~~~~~~~~
../src/helloworld.c:72:47: error: 'TEST_BUFFER_SIZE' undeclared (first use in this function)
      XUartLite_Recv(&UartLite, ReceiveBuffer, TEST_BUFFER_SIZE);
                                               ^~~~~~~~~~~~~~~~
make: *** [src/helloworld.o] 오류 1
16:41:01 **** Auto Build of configuration Debug for project uart_stm32 ****
make pre-build main-build 
a9-linaro-pre-build-step
' '
'Building file: ../src/helloworld.c'
'Invoking: ARM v7 gcc compiler'
arm-none-eabi-gcc -Wall -O0 -g3 -c -fmessage-length=0 -MT"src/helloworld.o" -mcpu=cortex-a9 -mfpu=vfpv3 -mfloat-abi=hard -I../../uart_stm32_bsp/ps7_cortexa9_0/include -MMD -MP -MF"src/helloworld.d" -MT"src/helloworld.o" -o "src/helloworld.o" "../src/helloworld.c"
../src/helloworld.c: In function 'main':
../src/helloworld.c:72:22: error: 'UartLite' undeclared (first use in this function); did you mean 'XUartLite'?
      XUartLite_Recv(&UartLite, ReceiveBuffer, TEST_BUFFER_SIZE);
                      ^~~~~~~~
                      XUartLite
../src/helloworld.c:72:22: note: each undeclared identifier is reported only once for each function it appears in
../src/helloworld.c:72:32: error: 'ReceiveBuffer' undeclared (first use in this function)
      XUartLite_Recv(&UartLite, ReceiveBuffer, TEST_BUFFER_SIZE);
                                ^~~~~~~~~~~~~
../src/helloworld.c:72:47: error: 'TEST_BUFFER_SIZE' undeclared (first use in this function)
      XUartLite_Recv(&UartLite, ReceiveBuffer, TEST_BUFFER_SIZE);
                                               ^~~~~~~~~~~~~~~~
make: *** [src/helloworld.o] 오류 1
16:41:14 **** Auto Build of configuration Debug for project uart_stm32 ****
make pre-build main-build 
a9-linaro-pre-build-step
' '
'Building file: ../src/helloworld.c'
'Invoking: ARM v7 gcc compiler'
arm-none-eabi-gcc -Wall -O0 -g3 -c -fmessage-length=0 -MT"src/helloworld.o" -mcpu=cortex-a9 -mfpu=vfpv3 -mfloat-abi=hard -I../../uart_stm32_bsp/ps7_cortexa9_0/include -MMD -MP -MF"src/helloworld.d" -MT"src/helloworld.o" -o "src/helloworld.o" "../src/helloworld.c"
../src/helloworld.c: In function 'main':
../src/helloworld.c:72:22: error: 'UartLite' undeclared (first use in this function); did you mean 'XUartLite'?
      XUartLite_Recv(&UartLite, ReceiveBuffer, TEST_BUFFER_SIZE);
                      ^~~~~~~~
                      XUartLite
../src/helloworld.c:72:22: note: each undeclared identifier is reported only once for each function it appears in
../src/helloworld.c:72:32: error: 'ReceiveBuffer' undeclared (first use in this function)
      XUartLite_Recv(&UartLite, ReceiveBuffer, TEST_BUFFER_SIZE);
                                ^~~~~~~~~~~~~
../src/helloworld.c:72:47: error: 'TEST_BUFFER_SIZE' undeclared (first use in this function)
      XUartLite_Recv(&UartLite, ReceiveBuffer, TEST_BUFFER_SIZE);
                                               ^~~~~~~~~~~~~~~~
make: *** [src/helloworld.o] 오류 1
16:42:29 **** Auto Build of configuration Debug for project uart_stm32 ****
make pre-build main-build 
a9-linaro-pre-build-step
' '
'Building file: ../src/helloworld.c'
'Invoking: ARM v7 gcc compiler'
arm-none-eabi-gcc -Wall -O0 -g3 -c -fmessage-length=0 -MT"src/helloworld.o" -mcpu=cortex-a9 -mfpu=vfpv3 -mfloat-abi=hard -I../../uart_stm32_bsp/ps7_cortexa9_0/include -MMD -MP -MF"src/helloworld.d" -MT"src/helloworld.o" -o "src/helloworld.o" "../src/helloworld.c"
../src/helloworld.c: In function 'main':
../src/helloworld.c:70:12: error: void value not ignored as it ought to be
     Status =  XUartLite_EnableInterrupt(&XUartLite_InstancePtr);
            ^
../src/helloworld.c:74:22: error: 'UartLite' undeclared (first use in this function); did you mean 'XUartLite'?
      XUartLite_Recv(&UartLite, ReceiveBuffer, TEST_BUFFER_SIZE);
                      ^~~~~~~~
                      XUartLite
../src/helloworld.c:74:22: note: each undeclared identifier is reported only once for each function it appears in
../src/helloworld.c:74:32: error: 'ReceiveBuffer' undeclared (first use in this function)
      XUartLite_Recv(&UartLite, ReceiveBuffer, TEST_BUFFER_SIZE);
                                ^~~~~~~~~~~~~
../src/helloworld.c:74:47: error: 'TEST_BUFFER_SIZE' undeclared (first use in this function)
      XUartLite_Recv(&UartLite, ReceiveBuffer, TEST_BUFFER_SIZE);
                                               ^~~~~~~~~~~~~~~~
make: *** [src/helloworld.o] 오류 1
16:42:39 **** Auto Build of configuration Debug for project uart_stm32 ****
make pre-build main-build 
a9-linaro-pre-build-step
' '
'Building file: ../src/helloworld.c'
'Invoking: ARM v7 gcc compiler'
arm-none-eabi-gcc -Wall -O0 -g3 -c -fmessage-length=0 -MT"src/helloworld.o" -mcpu=cortex-a9 -mfpu=vfpv3 -mfloat-abi=hard -I../../uart_stm32_bsp/ps7_cortexa9_0/include -MMD -MP -MF"src/helloworld.d" -MT"src/helloworld.o" -o "src/helloworld.o" "../src/helloworld.c"
../src/helloworld.c: In function 'main':
../src/helloworld.c:74:22: error: 'UartLite' undeclared (first use in this function); did you mean 'XUartLite'?
      XUartLite_Recv(&UartLite, ReceiveBuffer, TEST_BUFFER_SIZE);
                      ^~~~~~~~
                      XUartLite
../src/helloworld.c:74:22: note: each undeclared identifier is reported only once for each function it appears in
../src/helloworld.c:74:32: error: 'ReceiveBuffer' undeclared (first use in this function)
      XUartLite_Recv(&UartLite, ReceiveBuffer, TEST_BUFFER_SIZE);
                                ^~~~~~~~~~~~~
../src/helloworld.c:74:47: error: 'TEST_BUFFER_SIZE' undeclared (first use in this function)
      XUartLite_Recv(&UartLite, ReceiveBuffer, TEST_BUFFER_SIZE);
                                               ^~~~~~~~~~~~~~~~
make: *** [src/helloworld.o] 오류 1
16:45:09 **** Auto Build of configuration Debug for project uart_stm32 ****
make pre-build main-build 
a9-linaro-pre-build-step
' '
'Building file: ../src/helloworld.c'
'Invoking: ARM v7 gcc compiler'
arm-none-eabi-gcc -Wall -O0 -g3 -c -fmessage-length=0 -MT"src/helloworld.o" -mcpu=cortex-a9 -mfpu=vfpv3 -mfloat-abi=hard -I../../uart_stm32_bsp/ps7_cortexa9_0/include -MMD -MP -MF"src/helloworld.d" -MT"src/helloworld.o" -o "src/helloworld.o" "../src/helloworld.c"
../src/helloworld.c: In function 'main':
../src/helloworld.c:75:11: warning: implicit declaration of function 'SetupInterruptSystem' [-Wimplicit-function-declaration]
  Status = SetupInterruptSystem(&XUartLite_InstancePtr);
           ^~~~~~~~~~~~~~~~~~~~
../src/helloworld.c:80:28: error: 'UartLite' undeclared (first use in this function); did you mean 'XUartLite'?
  XUartLite_SetSendHandler(&UartLite, SendHandler, &UartLite);
                            ^~~~~~~~
                            XUartLite
../src/helloworld.c:80:28: note: each undeclared identifier is reported only once for each function it appears in
../src/helloworld.c:80:38: error: 'SendHandler' undeclared (first use in this function); did you mean 'XNullHandler'?
  XUartLite_SetSendHandler(&UartLite, SendHandler, &UartLite);
                                      ^~~~~~~~~~~
                                      XNullHandler
../src/helloworld.c:81:38: error: 'RecvHandler' undeclared (first use in this function); did you mean 'SendHandler'?
  XUartLite_SetRecvHandler(&UartLite, RecvHandler, &UartLite);
                                      ^~~~~~~~~~~
                                      SendHandler
../src/helloworld.c:90:32: error: 'ReceiveBuffer' undeclared (first use in this function)
      XUartLite_Recv(&UartLite, ReceiveBuffer, TEST_BUFFER_SIZE);
                                ^~~~~~~~~~~~~
../src/helloworld.c:90:47: error: 'TEST_BUFFER_SIZE' undeclared (first use in this function)
      XUartLite_Recv(&UartLite, ReceiveBuffer, TEST_BUFFER_SIZE);
                                               ^~~~~~~~~~~~~~~~
make: *** [src/helloworld.o] 오류 1
16:45:13 **** Auto Build of configuration Debug for project uart_stm32 ****
make pre-build main-build 
a9-linaro-pre-build-step
' '
'Building file: ../src/helloworld.c'
'Invoking: ARM v7 gcc compiler'
arm-none-eabi-gcc -Wall -O0 -g3 -c -fmessage-length=0 -MT"src/helloworld.o" -mcpu=cortex-a9 -mfpu=vfpv3 -mfloat-abi=hard -I../../uart_stm32_bsp/ps7_cortexa9_0/include -MMD -MP -MF"src/helloworld.d" -MT"src/helloworld.o" -o "src/helloworld.o" "../src/helloworld.c"
../src/helloworld.c: In function 'main':
../src/helloworld.c:75:11: warning: implicit declaration of function 'SetupInterruptSystem' [-Wimplicit-function-declaration]
  Status = SetupInterruptSystem(&XUartLite_InstancePtr);
           ^~~~~~~~~~~~~~~~~~~~
../src/helloworld.c:80:28: error: 'UartLite' undeclared (first use in this function); did you mean 'XUartLite'?
  XUartLite_SetSendHandler(&UartLite, SendHandler, &XUartLite_InstancePtr);
                            ^~~~~~~~
                            XUartLite
../src/helloworld.c:80:28: note: each undeclared identifier is reported only once for each function it appears in
../src/helloworld.c:80:38: error: 'SendHandler' undeclared (first use in this function); did you mean 'XNullHandler'?
  XUartLite_SetSendHandler(&UartLite, SendHandler, &XUartLite_InstancePtr);
                                      ^~~~~~~~~~~
                                      XNullHandler
../src/helloworld.c:81:38: error: 'RecvHandler' undeclared (first use in this function); did you mean 'SendHandler'?
  XUartLite_SetRecvHandler(&UartLite, RecvHandler, &XUartLite_InstancePtr);
                                      ^~~~~~~~~~~
                                      SendHandler
../src/helloworld.c:90:32: error: 'ReceiveBuffer' undeclared (first use in this function)
      XUartLite_Recv(&UartLite, ReceiveBuffer, TEST_BUFFER_SIZE);
                                ^~~~~~~~~~~~~
../src/helloworld.c:90:47: error: 'TEST_BUFFER_SIZE' undeclared (first use in this function)
      XUartLite_Recv(&UartLite, ReceiveBuffer, TEST_BUFFER_SIZE);
                                               ^~~~~~~~~~~~~~~~
make: *** [src/helloworld.o] 오류 1
16:45:52 **** Auto Build of configuration Debug for project uart_stm32 ****
make pre-build main-build 
a9-linaro-pre-build-step
' '
'Building file: ../src/helloworld.c'
'Invoking: ARM v7 gcc compiler'
arm-none-eabi-gcc -Wall -O0 -g3 -c -fmessage-length=0 -MT"src/helloworld.o" -mcpu=cortex-a9 -mfpu=vfpv3 -mfloat-abi=hard -I../../uart_stm32_bsp/ps7_cortexa9_0/include -MMD -MP -MF"src/helloworld.d" -MT"src/helloworld.o" -o "src/helloworld.o" "../src/helloworld.c"
../src/helloworld.c: In function 'main':
../src/helloworld.c:75:11: warning: implicit declaration of function 'SetupInterruptSystem' [-Wimplicit-function-declaration]
  Status = SetupInterruptSystem(&XUartLite_InstancePtr);
           ^~~~~~~~~~~~~~~~~~~~
../src/helloworld.c:80:51: error: 'SendHandler' undeclared (first use in this function); did you mean 'XNullHandler'?
  XUartLite_SetSendHandler(&XUartLite_InstancePtr, SendHandler, &XUartLite_InstancePtr);
                                                   ^~~~~~~~~~~
                                                   XNullHandler
../src/helloworld.c:80:51: note: each undeclared identifier is reported only once for each function it appears in
../src/helloworld.c:81:51: error: 'RecvHandler' undeclared (first use in this function); did you mean 'SendHandler'?
  XUartLite_SetRecvHandler(&XUartLite_InstancePtr, RecvHandler, &XUartLite_InstancePtr);
                                                   ^~~~~~~~~~~
                                                   SendHandler
../src/helloworld.c:90:22: error: 'UartLite' undeclared (first use in this function); did you mean 'XUartLite'?
      XUartLite_Recv(&UartLite, ReceiveBuffer, TEST_BUFFER_SIZE);
                      ^~~~~~~~
                      XUartLite
../src/helloworld.c:90:32: error: 'ReceiveBuffer' undeclared (first use in this function)
      XUartLite_Recv(&UartLite, ReceiveBuffer, TEST_BUFFER_SIZE);
                                ^~~~~~~~~~~~~
../src/helloworld.c:90:47: error: 'TEST_BUFFER_SIZE' undeclared (first use in this function)
      XUartLite_Recv(&UartLite, ReceiveBuffer, TEST_BUFFER_SIZE);
                                               ^~~~~~~~~~~~~~~~
make: *** [src/helloworld.o] 오류 1
16:47:02 **** Auto Build of configuration Debug for project uart_stm32 ****
make pre-build main-build 
a9-linaro-pre-build-step
' '
'Building file: ../src/helloworld.c'
'Invoking: ARM v7 gcc compiler'
arm-none-eabi-gcc -Wall -O0 -g3 -c -fmessage-length=0 -MT"src/helloworld.o" -mcpu=cortex-a9 -mfpu=vfpv3 -mfloat-abi=hard -I../../uart_stm32_bsp/ps7_cortexa9_0/include -MMD -MP -MF"src/helloworld.d" -MT"src/helloworld.o" -o "src/helloworld.o" "../src/helloworld.c"
../src/helloworld.c: In function 'main':
../src/helloworld.c:96:22: error: 'UartLite' undeclared (first use in this function); did you mean 'XUartLite'?
      XUartLite_Recv(&UartLite, ReceiveBuffer, TEST_BUFFER_SIZE);
                      ^~~~~~~~
                      XUartLite
../src/helloworld.c:96:22: note: each undeclared identifier is reported only once for each function it appears in
../src/helloworld.c:96:32: error: 'ReceiveBuffer' undeclared (first use in this function)
      XUartLite_Recv(&UartLite, ReceiveBuffer, TEST_BUFFER_SIZE);
                                ^~~~~~~~~~~~~
../src/helloworld.c:96:47: error: 'TEST_BUFFER_SIZE' undeclared (first use in this function)
      XUartLite_Recv(&UartLite, ReceiveBuffer, TEST_BUFFER_SIZE);
                                               ^~~~~~~~~~~~~~~~
../src/helloworld.c: In function 'SendHandler':
../src/helloworld.c:107:2: error: 'TotalSentCount' undeclared (first use in this function)
  TotalSentCount = EventData;
  ^~~~~~~~~~~~~~
../src/helloworld.c: In function 'RecvHandler':
../src/helloworld.c:112:2: error: 'TotalReceivedCount' undeclared (first use in this function)
  TotalReceivedCount = EventData;
  ^~~~~~~~~~~~~~~~~~
make: *** [src/helloworld.o] 오류 1
17:08:13 **** Build of project AXI_UART_bsp ****
make -k all 
"Running Make include in ps7_cortexa9_0/libsrc/coresightps_dcc_v1_4/src"
make -C ps7_cortexa9_0/libsrc/coresightps_dcc_v1_4/src -s include  "SHELL=CMD" "COMPILER=arm-none-eabi-gcc" "ARCHIVER=arm-none-eabi-ar" "COMPILER_FLAGS=  -O2 -c" "EXTRA_COMPILER_FLAGS=-mcpu=cortex-a9 -mfpu=vfpv3 -mfloat-abi=hard -nostartfiles -g -Wall -Wextra"
"Running Make include in ps7_cortexa9_0/libsrc/cpu_cortexa9_v2_6/src"
make -C ps7_cortexa9_0/libsrc/cpu_cortexa9_v2_6/src -s include  "SHELL=CMD" "COMPILER=arm-none-eabi-gcc" "ARCHIVER=arm-none-eabi-ar" "COMPILER_FLAGS=  -O2 -c" "EXTRA_COMPILER_FLAGS=-mcpu=cortex-a9 -mfpu=vfpv3 -mfloat-abi=hard -nostartfiles -g -Wall -Wextra"
"Running Make include in ps7_cortexa9_0/libsrc/ddrps_v1_0/src"
make -C ps7_cortexa9_0/libsrc/ddrps_v1_0/src -s include  "SHELL=CMD" "COMPILER=arm-none-eabi-gcc" "ARCHIVER=arm-none-eabi-ar" "COMPILER_FLAGS=  -O2 -c" "EXTRA_COMPILER_FLAGS=-mcpu=cortex-a9 -mfpu=vfpv3 -mfloat-abi=hard -nostartfiles -g -Wall -Wextra"
"Running Make include in ps7_cortexa9_0/libsrc/devcfg_v3_5/src"
make -C ps7_cortexa9_0/libsrc/devcfg_v3_5/src -s include  "SHELL=CMD" "COMPILER=arm-none-eabi-gcc" "ARCHIVER=arm-none-eabi-ar" "COMPILER_FLAGS=  -O2 -c" "EXTRA_COMPILER_FLAGS=-mcpu=cortex-a9 -mfpu=vfpv3 -mfloat-abi=hard -nostartfiles -g -Wall -Wextra"
"Running Make include in ps7_cortexa9_0/libsrc/dmaps_v2_3/src"
make -C ps7_cortexa9_0/libsrc/dmaps_v2_3/src -s include  "SHELL=CMD" "COMPILER=arm-none-eabi-gcc" "ARCHIVER=arm-none-eabi-ar" "COMPILER_FLAGS=  -O2 -c" "EXTRA_COMPILER_FLAGS=-mcpu=cortex-a9 -mfpu=vfpv3 -mfloat-abi=hard -nostartfiles -g -Wall -Wextra"
"Running Make include in ps7_cortexa9_0/libsrc/qspips_v3_4/src"
make -C ps7_cortexa9_0/libsrc/qspips_v3_4/src -s include  "SHELL=CMD" "COMPILER=arm-none-eabi-gcc" "ARCHIVER=arm-none-eabi-ar" "COMPILER_FLAGS=  -O2 -c" "EXTRA_COMPILER_FLAGS=-mcpu=cortex-a9 -mfpu=vfpv3 -mfloat-abi=hard -nostartfiles -g -Wall -Wextra"
"Running Make include in ps7_cortexa9_0/libsrc/scugic_v3_9/src"
make -C ps7_cortexa9_0/libsrc/scugic_v3_9/src -s include  "SHELL=CMD" "COMPILER=arm-none-eabi-gcc" "ARCHIVER=arm-none-eabi-ar" "COMPILER_FLAGS=  -O2 -c" "EXTRA_COMPILER_FLAGS=-mcpu=cortex-a9 -mfpu=vfpv3 -mfloat-abi=hard -nostartfiles -g -Wall -Wextra"
"Running Make include in ps7_cortexa9_0/libsrc/scutimer_v2_1/src"
make -C ps7_cortexa9_0/libsrc/scutimer_v2_1/src -s include  "SHELL=CMD" "COMPILER=arm-none-eabi-gcc" "ARCHIVER=arm-none-eabi-ar" "COMPILER_FLAGS=  -O2 -c" "EXTRA_COMPILER_FLAGS=-mcpu=cortex-a9 -mfpu=vfpv3 -mfloat-abi=hard -nostartfiles -g -Wall -Wextra"
"Running Make include in ps7_cortexa9_0/libsrc/scuwdt_v2_1/src"
make -C ps7_cortexa9_0/libsrc/scuwdt_v2_1/src -s include  "SHELL=CMD" "COMPILER=arm-none-eabi-gcc" "ARCHIVER=arm-none-eabi-ar" "COMPILER_FLAGS=  -O2 -c" "EXTRA_COMPILER_FLAGS=-mcpu=cortex-a9 -mfpu=vfpv3 -mfloat-abi=hard -nostartfiles -g -Wall -Wextra"
"Running Make include in ps7_cortexa9_0/libsrc/standalone_v6_7/src"
make -C ps7_cortexa9_0/libsrc/standalone_v6_7/src -s include  "SHELL=CMD" "COMPILER=arm-none-eabi-gcc" "ARCHIVER=arm-none-eabi-ar" "COMPILER_FLAGS=  -O2 -c" "EXTRA_COMPILER_FLAGS=-mcpu=cortex-a9 -mfpu=vfpv3 -mfloat-abi=hard -nostartfiles -g -Wall -Wextra"
"Running Make include in ps7_cortexa9_0/libsrc/uartlite_v3_2/src"
make -C ps7_cortexa9_0/libsrc/uartlite_v3_2/src -s include  "SHELL=CMD" "COMPILER=arm-none-eabi-gcc" "ARCHIVER=arm-none-eabi-ar" "COMPILER_FLAGS=  -O2 -c" "EXTRA_COMPILER_FLAGS=-mcpu=cortex-a9 -mfpu=vfpv3 -mfloat-abi=hard -nostartfiles -g -Wall -Wextra"
"Running Make include in ps7_cortexa9_0/libsrc/uartps_v3_6/src"
make -C ps7_cortexa9_0/libsrc/uartps_v3_6/src -s include  "SHELL=CMD" "COMPILER=arm-none-eabi-gcc" "ARCHIVER=arm-none-eabi-ar" "COMPILER_FLAGS=  -O2 -c" "EXTRA_COMPILER_FLAGS=-mcpu=cortex-a9 -mfpu=vfpv3 -mfloat-abi=hard -nostartfiles -g -Wall -Wextra"
"Running Make include in ps7_cortexa9_0/libsrc/xadcps_v2_2/src"
make -C ps7_cortexa9_0/libsrc/xadcps_v2_2/src -s include  "SHELL=CMD" "COMPILER=arm-none-eabi-gcc" "ARCHIVER=arm-none-eabi-ar" "COMPILER_FLAGS=  -O2 -c" "EXTRA_COMPILER_FLAGS=-mcpu=cortex-a9 -mfpu=vfpv3 -mfloat-abi=hard -nostartfiles -g -Wall -Wextra"
"Running Make libs in ps7_cortexa9_0/libsrc/coresightps_dcc_v1_4/src"
make -C ps7_cortexa9_0/libsrc/coresightps_dcc_v1_4/src -s libs  "SHELL=CMD" "COMPILER=arm-none-eabi-gcc" "ARCHIVER=arm-none-eabi-ar" "COMPILER_FLAGS=  -O2 -c" "EXTRA_COMPILER_FLAGS=-mcpu=cortex-a9 -mfpu=vfpv3 -mfloat-abi=hard -nostartfiles -g -Wall -Wextra"
"Compiling coresightps_dcc"
arm-none-eabi-ar: creating ../../../lib/libxil.a
"Running Make libs in ps7_cortexa9_0/libsrc/cpu_cortexa9_v2_6/src"
make -C ps7_cortexa9_0/libsrc/cpu_cortexa9_v2_6/src -s libs  "SHELL=CMD" "COMPILER=arm-none-eabi-gcc" "ARCHIVER=arm-none-eabi-ar" "COMPILER_FLAGS=  -O2 -c" "EXTRA_COMPILER_FLAGS=-mcpu=cortex-a9 -mfpu=vfpv3 -mfloat-abi=hard -nostartfiles -g -Wall -Wextra"
"Compiling cpu_cortexa9"
"Running Make libs in ps7_cortexa9_0/libsrc/ddrps_v1_0/src"
make -C ps7_cortexa9_0/libsrc/ddrps_v1_0/src -s libs  "SHELL=CMD" "COMPILER=arm-none-eabi-gcc" "ARCHIVER=arm-none-eabi-ar" "COMPILER_FLAGS=  -O2 -c" "EXTRA_COMPILER_FLAGS=-mcpu=cortex-a9 -mfpu=vfpv3 -mfloat-abi=hard -nostartfiles -g -Wall -Wextra"
"Compiling ddrps"
"Running Make libs in ps7_cortexa9_0/libsrc/devcfg_v3_5/src"
make -C ps7_cortexa9_0/libsrc/devcfg_v3_5/src -s libs  "SHELL=CMD" "COMPILER=arm-none-eabi-gcc" "ARCHIVER=arm-none-eabi-ar" "COMPILER_FLAGS=  -O2 -c" "EXTRA_COMPILER_FLAGS=-mcpu=cortex-a9 -mfpu=vfpv3 -mfloat-abi=hard -nostartfiles -g -Wall -Wextra"
"Compiling devcfg"
"Running Make libs in ps7_cortexa9_0/libsrc/dmaps_v2_3/src"
make -C ps7_cortexa9_0/libsrc/dmaps_v2_3/src -s libs  "SHELL=CMD" "COMPILER=arm-none-eabi-gcc" "ARCHIVER=arm-none-eabi-ar" "COMPILER_FLAGS=  -O2 -c" "EXTRA_COMPILER_FLAGS=-mcpu=cortex-a9 -mfpu=vfpv3 -mfloat-abi=hard -nostartfiles -g -Wall -Wextra"
"Compiling dmaps"
"Running Make libs in ps7_cortexa9_0/libsrc/qspips_v3_4/src"
make -C ps7_cortexa9_0/libsrc/qspips_v3_4/src -s libs  "SHELL=CMD" "COMPILER=arm-none-eabi-gcc" "ARCHIVER=arm-none-eabi-ar" "COMPILER_FLAGS=  -O2 -c" "EXTRA_COMPILER_FLAGS=-mcpu=cortex-a9 -mfpu=vfpv3 -mfloat-abi=hard -nostartfiles -g -Wall -Wextra"
"Compiling qspips"
"Running Make libs in ps7_cortexa9_0/libsrc/scugic_v3_9/src"
make -C ps7_cortexa9_0/libsrc/scugic_v3_9/src -s libs  "SHELL=CMD" "COMPILER=arm-none-eabi-gcc" "ARCHIVER=arm-none-eabi-ar" "COMPILER_FLAGS=  -O2 -c" "EXTRA_COMPILER_FLAGS=-mcpu=cortex-a9 -mfpu=vfpv3 -mfloat-abi=hard -nostartfiles -g -Wall -Wextra"
"Compiling scugic"
"Running Make libs in ps7_cortexa9_0/libsrc/scutimer_v2_1/src"
make -C ps7_cortexa9_0/libsrc/scutimer_v2_1/src -s libs  "SHELL=CMD" "COMPILER=arm-none-eabi-gcc" "ARCHIVER=arm-none-eabi-ar" "COMPILER_FLAGS=  -O2 -c" "EXTRA_COMPILER_FLAGS=-mcpu=cortex-a9 -mfpu=vfpv3 -mfloat-abi=hard -nostartfiles -g -Wall -Wextra"
"Compiling scutimer"
"Running Make libs in ps7_cortexa9_0/libsrc/scuwdt_v2_1/src"
make -C ps7_cortexa9_0/libsrc/scuwdt_v2_1/src -s libs  "SHELL=CMD" "COMPILER=arm-none-eabi-gcc" "ARCHIVER=arm-none-eabi-ar" "COMPILER_FLAGS=  -O2 -c" "EXTRA_COMPILER_FLAGS=-mcpu=cortex-a9 -mfpu=vfpv3 -mfloat-abi=hard -nostartfiles -g -Wall -Wextra"
"Compiling scuwdt"
"Running Make libs in ps7_cortexa9_0/libsrc/standalone_v6_7/src"
make -C ps7_cortexa9_0/libsrc/standalone_v6_7/src -s libs  "SHELL=CMD" "COMPILER=arm-none-eabi-gcc" "ARCHIVER=arm-none-eabi-ar" "COMPILER_FLAGS=  -O2 -c" "EXTRA_COMPILER_FLAGS=-mcpu=cortex-a9 -mfpu=vfpv3 -mfloat-abi=hard -nostartfiles -g -Wall -Wextra"
"Compiling standalone"
In file included from sleep.c:57:0:
xtime_l.h:89:9: note: #pragma message: For the sleep routines, Global timer is being used
 #pragma message ("For the sleep routines, Global timer is being used")
         ^~~~~~~
In file included from usleep.c:60:0:
xtime_l.h:89:9: note: #pragma message: For the sleep routines, Global timer is being used
 #pragma message ("For the sleep routines, Global timer is being used")
         ^~~~~~~
In file included from xil_sleeptimer.c:55:0:
xtime_l.h:89:9: note: #pragma message: For the sleep routines, Global timer is being used
 #pragma message ("For the sleep routines, Global timer is being used")
         ^~~~~~~
In file included from xtime_l.c:53:0:
xtime_l.h:89:9: note: #pragma message: For the sleep routines, Global timer is being used
 #pragma message ("For the sleep routines, Global timer is being used")
         ^~~~~~~
"Running Make libs in ps7_cortexa9_0/libsrc/uartlite_v3_2/src"
make -C ps7_cortexa9_0/libsrc/uartlite_v3_2/src -s libs  "SHELL=CMD" "COMPILER=arm-none-eabi-gcc" "ARCHIVER=arm-none-eabi-ar" "COMPILER_FLAGS=  -O2 -c" "EXTRA_COMPILER_FLAGS=-mcpu=cortex-a9 -mfpu=vfpv3 -mfloat-abi=hard -nostartfiles -g -Wall -Wextra"
"Compiling uartlite"
"Running Make libs in ps7_cortexa9_0/libsrc/uartps_v3_6/src"
make -C ps7_cortexa9_0/libsrc/uartps_v3_6/src -s libs  "SHELL=CMD" "COMPILER=arm-none-eabi-gcc" "ARCHIVER=arm-none-eabi-ar" "COMPILER_FLAGS=  -O2 -c" "EXTRA_COMPILER_FLAGS=-mcpu=cortex-a9 -mfpu=vfpv3 -mfloat-abi=hard -nostartfiles -g -Wall -Wextra"
"Compiling uartps"
"Running Make libs in ps7_cortexa9_0/libsrc/xadcps_v2_2/src"
make -C ps7_cortexa9_0/libsrc/xadcps_v2_2/src -s libs  "SHELL=CMD" "COMPILER=arm-none-eabi-gcc" "ARCHIVER=arm-none-eabi-ar" "COMPILER_FLAGS=  -O2 -c" "EXTRA_COMPILER_FLAGS=-mcpu=cortex-a9 -mfpu=vfpv3 -mfloat-abi=hard -nostartfiles -g -Wall -Wextra"
"Compiling xadcps"
'Finished building libraries'
17:08:30 **** Build of configuration Debug for project AXI_UART ****
make pre-build main-build 
a9-linaro-pre-build-step
' '
'Building file: ../src/helloworld.c'
'Invoking: ARM v7 gcc compiler'
arm-none-eabi-gcc -Wall -O0 -g3 -c -fmessage-length=0 -MT"src/helloworld.o" -mcpu=cortex-a9 -mfpu=vfpv3 -mfloat-abi=hard -I../../AXI_UART_bsp/ps7_cortexa9_0/include -MMD -MP -MF"src/helloworld.d" -MT"src/helloworld.o" -o "src/helloworld.o" "../src/helloworld.c"
'Finished building: ../src/helloworld.c'
' '
'Building file: ../src/platform.c'
'Invoking: ARM v7 gcc compiler'
arm-none-eabi-gcc -Wall -O0 -g3 -c -fmessage-length=0 -MT"src/platform.o" -mcpu=cortex-a9 -mfpu=vfpv3 -mfloat-abi=hard -I../../AXI_UART_bsp/ps7_cortexa9_0/include -MMD -MP -MF"src/platform.d" -MT"src/platform.o" -o "src/platform.o" "../src/platform.c"
'Finished building: ../src/platform.c'
' '
'Building target: AXI_UART.elf'
'Invoking: ARM v7 gcc linker'
arm-none-eabi-gcc -mcpu=cortex-a9 -mfpu=vfpv3 -mfloat-abi=hard -Wl,-build-id=none -specs=Xilinx.spec -Wl,-T -Wl,../src/lscript.ld -L../../AXI_UART_bsp/ps7_cortexa9_0/lib -o "AXI_UART.elf"  ./src/helloworld.o ./src/platform.o   -Wl,--start-group,-lxil,-lgcc,-lc,--end-group
'Finished building target: AXI_UART.elf'
' '
'Invoking: ARM v7 Print Size'
arm-none-eabi-size AXI_UART.elf  |tee "AXI_UART.elf.size"
   text	   data	    bss	    dec	    hex	filename
  19352	   1144	  22568	  43064	   a838	AXI_UART.elf
'Finished building: AXI_UART.elf.size'
' '
17:12:20 **** Auto Build of configuration Debug for project AXI_UART ****
make pre-build main-build 
a9-linaro-pre-build-step
' '
'Building file: ../src/helloworld.c'
'Invoking: ARM v7 gcc compiler'
arm-none-eabi-gcc -Wall -O0 -g3 -c -fmessage-length=0 -MT"src/helloworld.o" -mcpu=cortex-a9 -mfpu=vfpv3 -mfloat-abi=hard -I../../AXI_UART_bsp/ps7_cortexa9_0/include -MMD -MP -MF"src/helloworld.d" -MT"src/helloworld.o" -o "src/helloworld.o" "../src/helloworld.c"
In file included from ../src/helloworld.c:5:0:
../../AXI_UART_bsp/ps7_cortexa9_0/include/xparameters.h:276:39: error: expected identifier or '(' before numeric constant
 #define XPAR_AXI_UARTLITE_0_DEVICE_ID 0
                                       ^
../src/helloworld.c:7:14: note: in expansion of macro 'XPAR_AXI_UARTLITE_0_DEVICE_ID'
 #define uart XPAR_AXI_UARTLITE_0_DEVICE_ID
              ^~~~~~~~~~~~~~~~~~~~~~~~~~~~~
../src/helloworld.c:8:11: note: in expansion of macro 'uart'
 XUartLite uart;
           ^~~~
../src/helloworld.c: In function 'main':
../src/helloworld.c:12:5: warning: implicit declaration of function 'init_platform' [-Wimplicit-function-declaration]
     init_platform();
     ^~~~~~~~~~~~~
../src/helloworld.c:13:26: error: expected expression before 'XUartLite'
     XUartLite_Initialize(XUartLite *InstancePtr, u16 DeviceId);
                          ^~~~~~~~~
../src/helloworld.c:13:5: error: too few arguments to function 'XUartLite_Initialize'
     XUartLite_Initialize(XUartLite *InstancePtr, u16 DeviceId);
     ^~~~~~~~~~~~~~~~~~~~
In file included from ../src/helloworld.c:4:0:
../../AXI_UART_bsp/ps7_cortexa9_0/include/xuartlite.h:244:5: note: declared here
 int XUartLite_Initialize(XUartLite *InstancePtr, u16 DeviceId);
     ^~~~~~~~~~~~~~~~~~~~
../src/helloworld.c:15:5: warning: implicit declaration of function 'print'; did you mean 'printf'? [-Wimplicit-function-declaration]
     print("Hello World\n\r");
     ^~~~~
     printf
../src/helloworld.c:17:5: warning: implicit declaration of function 'cleanup_platform' [-Wimplicit-function-declaration]
     cleanup_platform();
     ^~~~~~~~~~~~~~~~
make: *** [src/helloworld.o] 오류 1
17:12:39 **** Auto Build of configuration Debug for project AXI_UART ****
make pre-build main-build 
a9-linaro-pre-build-step
' '
'Building file: ../src/helloworld.c'
'Invoking: ARM v7 gcc compiler'
arm-none-eabi-gcc -Wall -O0 -g3 -c -fmessage-length=0 -MT"src/helloworld.o" -mcpu=cortex-a9 -mfpu=vfpv3 -mfloat-abi=hard -I../../AXI_UART_bsp/ps7_cortexa9_0/include -MMD -MP -MF"src/helloworld.d" -MT"src/helloworld.o" -o "src/helloworld.o" "../src/helloworld.c"
../src/helloworld.c: In function 'main':
../src/helloworld.c:12:5: warning: implicit declaration of function 'init_platform' [-Wimplicit-function-declaration]
     init_platform();
     ^~~~~~~~~~~~~
../src/helloworld.c:13:26: error: expected expression before 'XUartLite'
     XUartLite_Initialize(XUartLite *InstancePtr, u16 DeviceId);
                          ^~~~~~~~~
../src/helloworld.c:13:5: error: too few arguments to function 'XUartLite_Initialize'
     XUartLite_Initialize(XUartLite *InstancePtr, u16 DeviceId);
     ^~~~~~~~~~~~~~~~~~~~
In file included from ../src/helloworld.c:4:0:
../../AXI_UART_bsp/ps7_cortexa9_0/include/xuartlite.h:244:5: note: declared here
 int XUartLite_Initialize(XUartLite *InstancePtr, u16 DeviceId);
     ^~~~~~~~~~~~~~~~~~~~
../src/helloworld.c:15:5: warning: implicit declaration of function 'print'; did you mean 'printf'? [-Wimplicit-function-declaration]
     print("Hello World\n\r");
     ^~~~~
     printf
../src/helloworld.c:17:5: warning: implicit declaration of function 'cleanup_platform' [-Wimplicit-function-declaration]
     cleanup_platform();
     ^~~~~~~~~~~~~~~~
make: *** [src/helloworld.o] 오류 1
17:14:13 **** Auto Build of configuration Debug for project AXI_UART ****
make pre-build main-build 
a9-linaro-pre-build-step
' '
'Building file: ../src/helloworld.c'
'Invoking: ARM v7 gcc compiler'
arm-none-eabi-gcc -Wall -O0 -g3 -c -fmessage-length=0 -MT"src/helloworld.o" -mcpu=cortex-a9 -mfpu=vfpv3 -mfloat-abi=hard -I../../AXI_UART_bsp/ps7_cortexa9_0/include -MMD -MP -MF"src/helloworld.d" -MT"src/helloworld.o" -o "src/helloworld.o" "../src/helloworld.c"
../src/helloworld.c: In function 'main':
../src/helloworld.c:17:6: error: too few arguments to function 'XUartLite_Send'
      XUartLite_Send();
      ^~~~~~~~~~~~~~
In file included from ../src/helloworld.c:4:0:
../../AXI_UART_bsp/ps7_cortexa9_0/include/xuartlite.h:256:14: note: declared here
 unsigned int XUartLite_Send(XUartLite *InstancePtr, u8 *DataBufferPtr,
              ^~~~~~~~~~~~~~
../src/helloworld.c:21:6: warning: implicit declaration of function 'sleep' [-Wimplicit-function-declaration]
      sleep(1);
      ^~~~~
make: *** [src/helloworld.o] 오류 1
17:15:13 **** Auto Build of configuration Debug for project AXI_UART ****
make pre-build main-build 
a9-linaro-pre-build-step
' '
'Building file: ../src/helloworld.c'
'Invoking: ARM v7 gcc compiler'
arm-none-eabi-gcc -Wall -O0 -g3 -c -fmessage-length=0 -MT"src/helloworld.o" -mcpu=cortex-a9 -mfpu=vfpv3 -mfloat-abi=hard -I../../AXI_UART_bsp/ps7_cortexa9_0/include -MMD -MP -MF"src/helloworld.d" -MT"src/helloworld.o" -o "src/helloworld.o" "../src/helloworld.c"
../src/helloworld.c: In function 'main':
../src/helloworld.c:17:28: warning: pointer targets in passing argument 2 of 'XUartLite_Send' differ in signedness [-Wpointer-sign]
      XUartLite_Send(&uart, msg, sizeof(msg));
                            ^~~
In file included from ../src/helloworld.c:4:0:
../../AXI_UART_bsp/ps7_cortexa9_0/include/xuartlite.h:256:14: note: expected 'u8 * {aka unsigned char *}' but argument is of type 'char *'
 unsigned int XUartLite_Send(XUartLite *InstancePtr, u8 *DataBufferPtr,
              ^~~~~~~~~~~~~~
../src/helloworld.c:21:6: warning: implicit declaration of function 'sleep' [-Wimplicit-function-declaration]
      sleep(1);
      ^~~~~
'Finished building: ../src/helloworld.c'
' '
'Building target: AXI_UART.elf'
'Invoking: ARM v7 gcc linker'
arm-none-eabi-gcc -mcpu=cortex-a9 -mfpu=vfpv3 -mfloat-abi=hard -Wl,-build-id=none -specs=Xilinx.spec -Wl,-T -Wl,../src/lscript.ld -L../../AXI_UART_bsp/ps7_cortexa9_0/lib -o "AXI_UART.elf"  ./src/helloworld.o ./src/platform.o   -Wl,--start-group,-lxil,-lgcc,-lc,--end-group
'Finished building target: AXI_UART.elf'
' '
'Invoking: ARM v7 Print Size'
arm-none-eabi-size AXI_UART.elf  |tee "AXI_UART.elf.size"
   text	   data	    bss	    dec	    hex	filename
  21232	   1160	  22664	  45056	   b000	AXI_UART.elf
'Finished building: AXI_UART.elf.size'
' '
17:16:42 **** Auto Build of configuration Debug for project AXI_UART ****
make pre-build main-build 
a9-linaro-pre-build-step
' '
'Building file: ../src/helloworld.c'
'Invoking: ARM v7 gcc compiler'
arm-none-eabi-gcc -Wall -O0 -g3 -c -fmessage-length=0 -MT"src/helloworld.o" -mcpu=cortex-a9 -mfpu=vfpv3 -mfloat-abi=hard -I../../AXI_UART_bsp/ps7_cortexa9_0/include -MMD -MP -MF"src/helloworld.d" -MT"src/helloworld.o" -o "src/helloworld.o" "../src/helloworld.c"
../src/helloworld.c: In function 'main':
../src/helloworld.c:18:28: warning: pointer targets in passing argument 2 of 'XUartLite_Send' differ in signedness [-Wpointer-sign]
      XUartLite_Send(&uart, msg, sizeof(msg));
                            ^~~
In file included from ../src/helloworld.c:4:0:
../../AXI_UART_bsp/ps7_cortexa9_0/include/xuartlite.h:256:14: note: expected 'u8 * {aka unsigned char *}' but argument is of type 'char *'
 unsigned int XUartLite_Send(XUartLite *InstancePtr, u8 *DataBufferPtr,
              ^~~~~~~~~~~~~~
../src/helloworld.c:19:6: warning: implicit declaration of function 'sleep' [-Wimplicit-function-declaration]
      sleep(1);
      ^~~~~
'Finished building: ../src/helloworld.c'
' '
'Building target: AXI_UART.elf'
'Invoking: ARM v7 gcc linker'
arm-none-eabi-gcc -mcpu=cortex-a9 -mfpu=vfpv3 -mfloat-abi=hard -Wl,-build-id=none -specs=Xilinx.spec -Wl,-T -Wl,../src/lscript.ld -L../../AXI_UART_bsp/ps7_cortexa9_0/lib -o "AXI_UART.elf"  ./src/helloworld.o ./src/platform.o   -Wl,--start-group,-lxil,-lgcc,-lc,--end-group
'Finished building target: AXI_UART.elf'
' '
'Invoking: ARM v7 Print Size'
arm-none-eabi-size AXI_UART.elf  |tee "AXI_UART.elf.size"
   text	   data	    bss	    dec	    hex	filename
  21232	   1160	  22664	  45056	   b000	AXI_UART.elf
'Finished building: AXI_UART.elf.size'
' '
17:16:59 **** Incremental Build of configuration Debug for project AXI_UART ****
make pre-build main-build 
a9-linaro-pre-build-step
' '
make: `main-build'를 위해 할 일이 없습니다
17:17:49 **** Incremental Build of configuration Debug for project AXI_UART ****
make pre-build main-build 
a9-linaro-pre-build-step
' '
make: `main-build'를 위해 할 일이 없습니다
17:18:48 **** Incremental Build of configuration Debug for project AXI_UART ****
make pre-build main-build 
a9-linaro-pre-build-step
' '
make: `main-build'를 위해 할 일이 없습니다
17:19:47 **** Incremental Build of configuration Debug for project AXI_UART ****
make pre-build main-build 
a9-linaro-pre-build-step
' '
'Building file: ../src/helloworld.c'
'Invoking: ARM v7 gcc compiler'
arm-none-eabi-gcc -Wall -O0 -g3 -c -fmessage-length=0 -MT"src/helloworld.o" -mcpu=cortex-a9 -mfpu=vfpv3 -mfloat-abi=hard -I../../AXI_UART_bsp/ps7_cortexa9_0/include -MMD -MP -MF"src/helloworld.d" -MT"src/helloworld.o" -o "src/helloworld.o" "../src/helloworld.c"
../src/helloworld.c: In function 'main':
../src/helloworld.c:18:28: warning: pointer targets in passing argument 2 of 'XUartLite_Send' differ in signedness [-Wpointer-sign]
      XUartLite_Send(&uart, msg, sizeof(msg));
                            ^~~
In file included from ../src/helloworld.c:3:0:
../../AXI_UART_bsp/ps7_cortexa9_0/include/xuartlite.h:256:14: note: expected 'u8 * {aka unsigned char *}' but argument is of type 'char *'
 unsigned int XUartLite_Send(XUartLite *InstancePtr, u8 *DataBufferPtr,
              ^~~~~~~~~~~~~~
../src/helloworld.c:19:6: warning: implicit declaration of function 'sleep' [-Wimplicit-function-declaration]
      sleep(1);
      ^~~~~
'Finished building: ../src/helloworld.c'
' '
'Building target: AXI_UART.elf'
'Invoking: ARM v7 gcc linker'
arm-none-eabi-gcc -mcpu=cortex-a9 -mfpu=vfpv3 -mfloat-abi=hard -Wl,-build-id=none -specs=Xilinx.spec -Wl,-T -Wl,../src/lscript.ld -L../../AXI_UART_bsp/ps7_cortexa9_0/lib -o "AXI_UART.elf"  ./src/helloworld.o ./src/platform.o   -Wl,--start-group,-lxil,-lgcc,-lc,--end-group
'Finished building target: AXI_UART.elf'
' '
'Invoking: ARM v7 Print Size'
arm-none-eabi-size AXI_UART.elf  |tee "AXI_UART.elf.size"
   text	   data	    bss	    dec	    hex	filename
  21232	   1160	  22664	  45056	   b000	AXI_UART.elf
'Finished building: AXI_UART.elf.size'
' '
17:19:49 **** Incremental Build of configuration Debug for project AXI_UART ****
make pre-build main-build 
a9-linaro-pre-build-step
' '
make: `main-build'를 위해 할 일이 없습니다
17:23:30 **** Auto Build of configuration Debug for project AXI_UART ****
make pre-build main-build 
a9-linaro-pre-build-step
' '
'Building file: ../src/helloworld.c'
'Invoking: ARM v7 gcc compiler'
arm-none-eabi-gcc -Wall -O0 -g3 -c -fmessage-length=0 -MT"src/helloworld.o" -mcpu=cortex-a9 -mfpu=vfpv3 -mfloat-abi=hard -I../../AXI_UART_bsp/ps7_cortexa9_0/include -MMD -MP -MF"src/helloworld.d" -MT"src/helloworld.o" -o "src/helloworld.o" "../src/helloworld.c"
../src/helloworld.c: In function 'main':
../src/helloworld.c:18:28: warning: pointer targets in passing argument 2 of 'XUartLite_Send' differ in signedness [-Wpointer-sign]
      XUartLite_Send(&uart, msg_send, sizeof(msg_send));
                            ^~~~~~~~
In file included from ../src/helloworld.c:3:0:
../../AXI_UART_bsp/ps7_cortexa9_0/include/xuartlite.h:256:14: note: expected 'u8 * {aka unsigned char *}' but argument is of type 'char *'
 unsigned int XUartLite_Send(XUartLite *InstancePtr, u8 *DataBufferPtr,
              ^~~~~~~~~~~~~~
../src/helloworld.c:19:28: warning: pointer targets in passing argument 2 of 'XUartLite_Recv' differ in signedness [-Wpointer-sign]
      XUartLite_Recv(&uart, msg_recv, sizeof(msg_recv));
                            ^~~~~~~~
In file included from ../src/helloworld.c:3:0:
../../AXI_UART_bsp/ps7_cortexa9_0/include/xuartlite.h:258:14: note: expected 'u8 * {aka unsigned char *}' but argument is of type 'char *'
 unsigned int XUartLite_Recv(XUartLite *InstancePtr, u8 *DataBufferPtr,
              ^~~~~~~~~~~~~~
../src/helloworld.c:20:6: warning: implicit declaration of function 'sleep' [-Wimplicit-function-declaration]
      sleep(1);
      ^~~~~
'Finished building: ../src/helloworld.c'
' '
'Building target: AXI_UART.elf'
'Invoking: ARM v7 gcc linker'
arm-none-eabi-gcc -mcpu=cortex-a9 -mfpu=vfpv3 -mfloat-abi=hard -Wl,-build-id=none -specs=Xilinx.spec -Wl,-T -Wl,../src/lscript.ld -L../../AXI_UART_bsp/ps7_cortexa9_0/lib -o "AXI_UART.elf"  ./src/helloworld.o ./src/platform.o   -Wl,--start-group,-lxil,-lgcc,-lc,--end-group
'Finished building target: AXI_UART.elf'
' '
'Invoking: ARM v7 Print Size'
arm-none-eabi-size AXI_UART.elf  |tee "AXI_UART.elf.size"
   text	   data	    bss	    dec	    hex	filename
  21256	   1160	  22664	  45080	   b018	AXI_UART.elf
'Finished building: AXI_UART.elf.size'
' '
17:30:47 **** Incremental Build of configuration Debug for project AXI_UART ****
make pre-build main-build 
a9-linaro-pre-build-step
' '
make: `main-build'를 위해 할 일이 없습니다
18:25:55 **** Auto Build of configuration Debug for project AXI_UART ****
make pre-build main-build 
a9-linaro-pre-build-step
' '
'Building file: ../src/helloworld.c'
'Invoking: ARM v7 gcc compiler'
arm-none-eabi-gcc -Wall -O0 -g3 -c -fmessage-length=0 -MT"src/helloworld.o" -mcpu=cortex-a9 -mfpu=vfpv3 -mfloat-abi=hard -I../../AXI_UART_bsp/ps7_cortexa9_0/include -MMD -MP -MF"src/helloworld.d" -MT"src/helloworld.o" -o "src/helloworld.o" "../src/helloworld.c"
../src/helloworld.c: In function 'main':
../src/helloworld.c:18:28: warning: pointer targets in passing argument 2 of 'XUartLite_Send' differ in signedness [-Wpointer-sign]
      XUartLite_Send(&uart, msg_send, sizeof(msg_send));
                            ^~~~~~~~
In file included from ../src/helloworld.c:3:0:
../../AXI_UART_bsp/ps7_cortexa9_0/include/xuartlite.h:256:14: note: expected 'u8 * {aka unsigned char *}' but argument is of type 'char *'
 unsigned int XUartLite_Send(XUartLite *InstancePtr, u8 *DataBufferPtr,
              ^~~~~~~~~~~~~~
../src/helloworld.c:19:28: warning: pointer targets in passing argument 2 of 'XUartLite_Recv' differ in signedness [-Wpointer-sign]
      XUartLite_Recv(&uart, msg_recv, sizeof(msg_recv));
                            ^~~~~~~~
In file included from ../src/helloworld.c:3:0:
../../AXI_UART_bsp/ps7_cortexa9_0/include/xuartlite.h:258:14: note: expected 'u8 * {aka unsigned char *}' but argument is of type 'char *'
 unsigned int XUartLite_Recv(XUartLite *InstancePtr, u8 *DataBufferPtr,
              ^~~~~~~~~~~~~~
../src/helloworld.c:20:6: warning: implicit declaration of function 'xil_printf'; did you mean 'viprintf'? [-Wimplicit-function-declaration]
      xil_printf("%c"->msg_recv);
      ^~~~~~~~~~
      viprintf
../src/helloworld.c:20:21: error: request for member 'msg_recv' in something not a structure or union
      xil_printf("%c"->msg_recv);
                     ^~
../src/helloworld.c:21:6: warning: implicit declaration of function 'sleep' [-Wimplicit-function-declaration]
      sleep(1);
      ^~~~~
make: *** [src/helloworld.o] 오류 1
18:26:24 **** Auto Build of configuration Debug for project AXI_UART ****
make pre-build main-build 
a9-linaro-pre-build-step
' '
'Building file: ../src/helloworld.c'
'Invoking: ARM v7 gcc compiler'
arm-none-eabi-gcc -Wall -O0 -g3 -c -fmessage-length=0 -MT"src/helloworld.o" -mcpu=cortex-a9 -mfpu=vfpv3 -mfloat-abi=hard -I../../AXI_UART_bsp/ps7_cortexa9_0/include -MMD -MP -MF"src/helloworld.d" -MT"src/helloworld.o" -o "src/helloworld.o" "../src/helloworld.c"
../src/helloworld.c: In function 'main':
../src/helloworld.c:18:28: warning: pointer targets in passing argument 2 of 'XUartLite_Send' differ in signedness [-Wpointer-sign]
      XUartLite_Send(&uart, msg_send, sizeof(msg_send));
                            ^~~~~~~~
In file included from ../src/helloworld.c:3:0:
../../AXI_UART_bsp/ps7_cortexa9_0/include/xuartlite.h:256:14: note: expected 'u8 * {aka unsigned char *}' but argument is of type 'char *'
 unsigned int XUartLite_Send(XUartLite *InstancePtr, u8 *DataBufferPtr,
              ^~~~~~~~~~~~~~
../src/helloworld.c:19:28: warning: pointer targets in passing argument 2 of 'XUartLite_Recv' differ in signedness [-Wpointer-sign]
      XUartLite_Recv(&uart, msg_recv, sizeof(msg_recv));
                            ^~~~~~~~
In file included from ../src/helloworld.c:3:0:
../../AXI_UART_bsp/ps7_cortexa9_0/include/xuartlite.h:258:14: note: expected 'u8 * {aka unsigned char *}' but argument is of type 'char *'
 unsigned int XUartLite_Recv(XUartLite *InstancePtr, u8 *DataBufferPtr,
              ^~~~~~~~~~~~~~
../src/helloworld.c:20:6: warning: implicit declaration of function 'xil_printf'; did you mean 'viprintf'? [-Wimplicit-function-declaration]
      xil_printf("%c", msg_recv);
      ^~~~~~~~~~
      viprintf
../src/helloworld.c:21:6: warning: implicit declaration of function 'sleep' [-Wimplicit-function-declaration]
      sleep(1);
      ^~~~~
'Finished building: ../src/helloworld.c'
' '
'Building target: AXI_UART.elf'
'Invoking: ARM v7 gcc linker'
arm-none-eabi-gcc -mcpu=cortex-a9 -mfpu=vfpv3 -mfloat-abi=hard -Wl,-build-id=none -specs=Xilinx.spec -Wl,-T -Wl,../src/lscript.ld -L../../AXI_UART_bsp/ps7_cortexa9_0/lib -o "AXI_UART.elf"  ./src/helloworld.o ./src/platform.o   -Wl,--start-group,-lxil,-lgcc,-lc,--end-group
'Finished building target: AXI_UART.elf'
' '
'Invoking: ARM v7 Print Size'
arm-none-eabi-size AXI_UART.elf  |tee "AXI_UART.elf.size"
   text	   data	    bss	    dec	    hex	filename
  24152	   1168	  22664	  47984	   bb70	AXI_UART.elf
'Finished building: AXI_UART.elf.size'
' '
18:26:47 **** Auto Build of configuration Debug for project AXI_UART ****
make pre-build main-build 
a9-linaro-pre-build-step
' '
'Building file: ../src/helloworld.c'
'Invoking: ARM v7 gcc compiler'
arm-none-eabi-gcc -Wall -O0 -g3 -c -fmessage-length=0 -MT"src/helloworld.o" -mcpu=cortex-a9 -mfpu=vfpv3 -mfloat-abi=hard -I../../AXI_UART_bsp/ps7_cortexa9_0/include -MMD -MP -MF"src/helloworld.d" -MT"src/helloworld.o" -o "src/helloworld.o" "../src/helloworld.c"
../src/helloworld.c:5:10: fatal error: xprintf.h: No such file or directory
 #include "xprintf.h"
          ^~~~~~~~~~~
compilation terminated.
make: *** [src/helloworld.o] 오류 1
18:27:44 **** Build of configuration Debug for project AXI_UART_bsp_xuartlite_intr_example_1 ****
make pre-build main-build 
a9-linaro-pre-build-step
' '
'Building file: ../src/xuartlite_intr_example.c'
'Invoking: ARM v7 gcc compiler'
arm-none-eabi-gcc -Wall -O0 -g3 -c -fmessage-length=0 -MT"src/xuartlite_intr_example.o" -mcpu=cortex-a9 -mfpu=vfpv3 -mfloat-abi=hard -I../../AXI_UART_bsp/ps7_cortexa9_0/include -MMD -MP -MF"src/xuartlite_intr_example.d" -MT"src/xuartlite_intr_example.o" -o "src/xuartlite_intr_example.o" "../src/xuartlite_intr_example.c"
../src/xuartlite_intr_example.c:65:10: fatal error: xintc.h: No such file or directory
 #include "xintc.h"
          ^~~~~~~~~
compilation terminated.
make: *** [src/xuartlite_intr_example.o] 오류 1
18:27:59 **** Auto Build of configuration Debug for project AXI_UART ****
make pre-build main-build 
a9-linaro-pre-build-step
' '
'Building file: ../src/helloworld.c'
'Invoking: ARM v7 gcc compiler'
arm-none-eabi-gcc -Wall -O0 -g3 -c -fmessage-length=0 -MT"src/helloworld.o" -mcpu=cortex-a9 -mfpu=vfpv3 -mfloat-abi=hard -I../../AXI_UART_bsp/ps7_cortexa9_0/include -MMD -MP -MF"src/helloworld.d" -MT"src/helloworld.o" -o "src/helloworld.o" "../src/helloworld.c"
../src/helloworld.c: In function 'main':
../src/helloworld.c:19:28: warning: pointer targets in passing argument 2 of 'XUartLite_Send' differ in signedness [-Wpointer-sign]
      XUartLite_Send(&uart, msg_send, sizeof(msg_send));
                            ^~~~~~~~
In file included from ../src/helloworld.c:3:0:
../../AXI_UART_bsp/ps7_cortexa9_0/include/xuartlite.h:256:14: note: expected 'u8 * {aka unsigned char *}' but argument is of type 'char *'
 unsigned int XUartLite_Send(XUartLite *InstancePtr, u8 *DataBufferPtr,
              ^~~~~~~~~~~~~~
../src/helloworld.c:20:28: warning: pointer targets in passing argument 2 of 'XUartLite_Recv' differ in signedness [-Wpointer-sign]
      XUartLite_Recv(&uart, msg_recv, sizeof(msg_recv));
                            ^~~~~~~~
In file included from ../src/helloworld.c:3:0:
../../AXI_UART_bsp/ps7_cortexa9_0/include/xuartlite.h:258:14: note: expected 'u8 * {aka unsigned char *}' but argument is of type 'char *'
 unsigned int XUartLite_Recv(XUartLite *InstancePtr, u8 *DataBufferPtr,
              ^~~~~~~~~~~~~~
../src/helloworld.c:22:6: warning: implicit declaration of function 'sleep'; did you mean 'strsep'? [-Wimplicit-function-declaration]
      sleep(1);
      ^~~~~
      strsep
'Finished building: ../src/helloworld.c'
' '
'Building target: AXI_UART.elf'
'Invoking: ARM v7 gcc linker'
arm-none-eabi-gcc -mcpu=cortex-a9 -mfpu=vfpv3 -mfloat-abi=hard -Wl,-build-id=none -specs=Xilinx.spec -Wl,-T -Wl,../src/lscript.ld -L../../AXI_UART_bsp/ps7_cortexa9_0/lib -o "AXI_UART.elf"  ./src/helloworld.o ./src/platform.o   -Wl,--start-group,-lxil,-lgcc,-lc,--end-group
'Finished building target: AXI_UART.elf'
' '
'Invoking: ARM v7 Print Size'
arm-none-eabi-size AXI_UART.elf  |tee "AXI_UART.elf.size"
   text	   data	    bss	    dec	    hex	filename
  24152	   1168	  22664	  47984	   bb70	AXI_UART.elf
'Finished building: AXI_UART.elf.size'
' '
18:28:29 **** Incremental Build of configuration Debug for project AXI_UART ****
make pre-build main-build 
a9-linaro-pre-build-step
' '
make: `main-build'를 위해 할 일이 없습니다
18:31:37 **** Incremental Build of configuration Debug for project AXI_UART ****
make pre-build main-build 
a9-linaro-pre-build-step
' '
'Building file: ../src/helloworld.c'
'Invoking: ARM v7 gcc compiler'
arm-none-eabi-gcc -Wall -O0 -g3 -c -fmessage-length=0 -MT"src/helloworld.o" -mcpu=cortex-a9 -mfpu=vfpv3 -mfloat-abi=hard -I../../AXI_UART_bsp/ps7_cortexa9_0/include -MMD -MP -MF"src/helloworld.d" -MT"src/helloworld.o" -o "src/helloworld.o" "../src/helloworld.c"
../src/helloworld.c:53:10: fatal error: ps7_init.h: No such file or directory
 #include "ps7_init.h"
          ^~~~~~~~~~~~
compilation terminated.
make: *** [src/helloworld.o] 오류 1
18:33:13 **** Auto Build of configuration Debug for project AXI_UART ****
make pre-build main-build 
a9-linaro-pre-build-step
' '
'Building file: ../src/helloworld.c'
'Invoking: ARM v7 gcc compiler'
arm-none-eabi-gcc -Wall -O0 -g3 -c -fmessage-length=0 -MT"src/helloworld.o" -mcpu=cortex-a9 -mfpu=vfpv3 -mfloat-abi=hard -I../../AXI_UART_bsp/ps7_cortexa9_0/include -MMD -MP -MF"src/helloworld.d" -MT"src/helloworld.o" -o "src/helloworld.o" "../src/helloworld.c"
../src/helloworld.c:53:10: fatal error: ps7_init.h: No such file or directory
 #include "ps7_init.h"
          ^~~~~~~~~~~~
compilation terminated.
make: *** [src/helloworld.o] 오류 1
18:33:16 **** Incremental Build of configuration Debug for project AXI_UART ****
make pre-build main-build 
a9-linaro-pre-build-step
' '
'Building file: ../src/helloworld.c'
'Invoking: ARM v7 gcc compiler'
arm-none-eabi-gcc -Wall -O0 -g3 -c -fmessage-length=0 -MT"src/helloworld.o" -mcpu=cortex-a9 -mfpu=vfpv3 -mfloat-abi=hard -I../../AXI_UART_bsp/ps7_cortexa9_0/include -MMD -MP -MF"src/helloworld.d" -MT"src/helloworld.o" -o "src/helloworld.o" "../src/helloworld.c"
../src/helloworld.c:53:10: fatal error: ps7_init.h: No such file or directory
 #include "ps7_init.h"
          ^~~~~~~~~~~~
compilation terminated.
make: *** [src/helloworld.o] 오류 1
18:33:45 **** Auto Build of configuration Debug for project AXI_UART ****
make pre-build main-build 
a9-linaro-pre-build-step
' '
'Building file: ../src/helloworld.c'
'Invoking: ARM v7 gcc compiler'
arm-none-eabi-gcc -Wall -O0 -g3 -c -fmessage-length=0 -MT"src/helloworld.o" -mcpu=cortex-a9 -mfpu=vfpv3 -mfloat-abi=hard -I../../AXI_UART_bsp/ps7_cortexa9_0/include -MMD -MP -MF"src/helloworld.d" -MT"src/helloworld.o" -o "src/helloworld.o" "../src/helloworld.c"
../src/helloworld.c:53:10: fatal error: ps7_init.h: No such file or directory
 #include "ps7_init.h"
          ^~~~~~~~~~~~
compilation terminated.
make: *** [src/helloworld.o] 오류 1
18:33:45 **** Auto Build of configuration Debug for project AXI_UART_bsp_xuartlite_intr_example_1 ****
make pre-build main-build 
a9-linaro-pre-build-step
' '
'Building file: ../src/xuartlite_intr_example.c'
'Invoking: ARM v7 gcc compiler'
arm-none-eabi-gcc -Wall -O0 -g3 -c -fmessage-length=0 -MT"src/xuartlite_intr_example.o" -mcpu=cortex-a9 -mfpu=vfpv3 -mfloat-abi=hard -I../../AXI_UART_bsp/ps7_cortexa9_0/include -MMD -MP -MF"src/xuartlite_intr_example.d" -MT"src/xuartlite_intr_example.o" -o "src/xuartlite_intr_example.o" "../src/xuartlite_intr_example.c"
../src/xuartlite_intr_example.c:65:10: fatal error: xintc.h: No such file or directory
 #include "xintc.h"
          ^~~~~~~~~
compilation terminated.
make: *** [src/xuartlite_intr_example.o] 오류 1
18:35:03 **** Build of project AX_bsp ****
make -k all 
"Running Make include in ps7_cortexa9_0/libsrc/coresightps_dcc_v1_4/src"
make -C ps7_cortexa9_0/libsrc/coresightps_dcc_v1_4/src -s include  "SHELL=CMD" "COMPILER=arm-none-eabi-gcc" "ARCHIVER=arm-none-eabi-ar" "COMPILER_FLAGS=  -O2 -c" "EXTRA_COMPILER_FLAGS=-mcpu=cortex-a9 -mfpu=vfpv3 -mfloat-abi=hard -nostartfiles -g -Wall -Wextra"
"Running Make include in ps7_cortexa9_0/libsrc/cpu_cortexa9_v2_6/src"
make -C ps7_cortexa9_0/libsrc/cpu_cortexa9_v2_6/src -s include  "SHELL=CMD" "COMPILER=arm-none-eabi-gcc" "ARCHIVER=arm-none-eabi-ar" "COMPILER_FLAGS=  -O2 -c" "EXTRA_COMPILER_FLAGS=-mcpu=cortex-a9 -mfpu=vfpv3 -mfloat-abi=hard -nostartfiles -g -Wall -Wextra"
"Running Make include in ps7_cortexa9_0/libsrc/ddrps_v1_0/src"
make -C ps7_cortexa9_0/libsrc/ddrps_v1_0/src -s include  "SHELL=CMD" "COMPILER=arm-none-eabi-gcc" "ARCHIVER=arm-none-eabi-ar" "COMPILER_FLAGS=  -O2 -c" "EXTRA_COMPILER_FLAGS=-mcpu=cortex-a9 -mfpu=vfpv3 -mfloat-abi=hard -nostartfiles -g -Wall -Wextra"
"Running Make include in ps7_cortexa9_0/libsrc/devcfg_v3_5/src"
make -C ps7_cortexa9_0/libsrc/devcfg_v3_5/src -s include  "SHELL=CMD" "COMPILER=arm-none-eabi-gcc" "ARCHIVER=arm-none-eabi-ar" "COMPILER_FLAGS=  -O2 -c" "EXTRA_COMPILER_FLAGS=-mcpu=cortex-a9 -mfpu=vfpv3 -mfloat-abi=hard -nostartfiles -g -Wall -Wextra"
"Running Make include in ps7_cortexa9_0/libsrc/dmaps_v2_3/src"
make -C ps7_cortexa9_0/libsrc/dmaps_v2_3/src -s include  "SHELL=CMD" "COMPILER=arm-none-eabi-gcc" "ARCHIVER=arm-none-eabi-ar" "COMPILER_FLAGS=  -O2 -c" "EXTRA_COMPILER_FLAGS=-mcpu=cortex-a9 -mfpu=vfpv3 -mfloat-abi=hard -nostartfiles -g -Wall -Wextra"
"Running Make include in ps7_cortexa9_0/libsrc/qspips_v3_4/src"
make -C ps7_cortexa9_0/libsrc/qspips_v3_4/src -s include  "SHELL=CMD" "COMPILER=arm-none-eabi-gcc" "ARCHIVER=arm-none-eabi-ar" "COMPILER_FLAGS=  -O2 -c" "EXTRA_COMPILER_FLAGS=-mcpu=cortex-a9 -mfpu=vfpv3 -mfloat-abi=hard -nostartfiles -g -Wall -Wextra"
"Running Make include in ps7_cortexa9_0/libsrc/scugic_v3_9/src"
make -C ps7_cortexa9_0/libsrc/scugic_v3_9/src -s include  "SHELL=CMD" "COMPILER=arm-none-eabi-gcc" "ARCHIVER=arm-none-eabi-ar" "COMPILER_FLAGS=  -O2 -c" "EXTRA_COMPILER_FLAGS=-mcpu=cortex-a9 -mfpu=vfpv3 -mfloat-abi=hard -nostartfiles -g -Wall -Wextra"
"Running Make include in ps7_cortexa9_0/libsrc/scutimer_v2_1/src"
make -C ps7_cortexa9_0/libsrc/scutimer_v2_1/src -s include  "SHELL=CMD" "COMPILER=arm-none-eabi-gcc" "ARCHIVER=arm-none-eabi-ar" "COMPILER_FLAGS=  -O2 -c" "EXTRA_COMPILER_FLAGS=-mcpu=cortex-a9 -mfpu=vfpv3 -mfloat-abi=hard -nostartfiles -g -Wall -Wextra"
"Running Make include in ps7_cortexa9_0/libsrc/scuwdt_v2_1/src"
make -C ps7_cortexa9_0/libsrc/scuwdt_v2_1/src -s include  "SHELL=CMD" "COMPILER=arm-none-eabi-gcc" "ARCHIVER=arm-none-eabi-ar" "COMPILER_FLAGS=  -O2 -c" "EXTRA_COMPILER_FLAGS=-mcpu=cortex-a9 -mfpu=vfpv3 -mfloat-abi=hard -nostartfiles -g -Wall -Wextra"
"Running Make include in ps7_cortexa9_0/libsrc/standalone_v6_7/src"
make -C ps7_cortexa9_0/libsrc/standalone_v6_7/src -s include  "SHELL=CMD" "COMPILER=arm-none-eabi-gcc" "ARCHIVER=arm-none-eabi-ar" "COMPILER_FLAGS=  -O2 -c" "EXTRA_COMPILER_FLAGS=-mcpu=cortex-a9 -mfpu=vfpv3 -mfloat-abi=hard -nostartfiles -g -Wall -Wextra"
"Running Make include in ps7_cortexa9_0/libsrc/uartlite_v3_2/src"
make -C ps7_cortexa9_0/libsrc/uartlite_v3_2/src -s include  "SHELL=CMD" "COMPILER=arm-none-eabi-gcc" "ARCHIVER=arm-none-eabi-ar" "COMPILER_FLAGS=  -O2 -c" "EXTRA_COMPILER_FLAGS=-mcpu=cortex-a9 -mfpu=vfpv3 -mfloat-abi=hard -nostartfiles -g -Wall -Wextra"
"Running Make include in ps7_cortexa9_0/libsrc/uartps_v3_6/src"
make -C ps7_cortexa9_0/libsrc/uartps_v3_6/src -s include  "SHELL=CMD" "COMPILER=arm-none-eabi-gcc" "ARCHIVER=arm-none-eabi-ar" "COMPILER_FLAGS=  -O2 -c" "EXTRA_COMPILER_FLAGS=-mcpu=cortex-a9 -mfpu=vfpv3 -mfloat-abi=hard -nostartfiles -g -Wall -Wextra"
"Running Make include in ps7_cortexa9_0/libsrc/xadcps_v2_2/src"
make -C ps7_cortexa9_0/libsrc/xadcps_v2_2/src -s include  "SHELL=CMD" "COMPILER=arm-none-eabi-gcc" "ARCHIVER=arm-none-eabi-ar" "COMPILER_FLAGS=  -O2 -c" "EXTRA_COMPILER_FLAGS=-mcpu=cortex-a9 -mfpu=vfpv3 -mfloat-abi=hard -nostartfiles -g -Wall -Wextra"
"Running Make libs in ps7_cortexa9_0/libsrc/coresightps_dcc_v1_4/src"
make -C ps7_cortexa9_0/libsrc/coresightps_dcc_v1_4/src -s libs  "SHELL=CMD" "COMPILER=arm-none-eabi-gcc" "ARCHIVER=arm-none-eabi-ar" "COMPILER_FLAGS=  -O2 -c" "EXTRA_COMPILER_FLAGS=-mcpu=cortex-a9 -mfpu=vfpv3 -mfloat-abi=hard -nostartfiles -g -Wall -Wextra"
"Compiling coresightps_dcc"
arm-none-eabi-ar: creating ../../../lib/libxil.a
"Running Make libs in ps7_cortexa9_0/libsrc/cpu_cortexa9_v2_6/src"
make -C ps7_cortexa9_0/libsrc/cpu_cortexa9_v2_6/src -s libs  "SHELL=CMD" "COMPILER=arm-none-eabi-gcc" "ARCHIVER=arm-none-eabi-ar" "COMPILER_FLAGS=  -O2 -c" "EXTRA_COMPILER_FLAGS=-mcpu=cortex-a9 -mfpu=vfpv3 -mfloat-abi=hard -nostartfiles -g -Wall -Wextra"
"Compiling cpu_cortexa9"
"Running Make libs in ps7_cortexa9_0/libsrc/ddrps_v1_0/src"
make -C ps7_cortexa9_0/libsrc/ddrps_v1_0/src -s libs  "SHELL=CMD" "COMPILER=arm-none-eabi-gcc" "ARCHIVER=arm-none-eabi-ar" "COMPILER_FLAGS=  -O2 -c" "EXTRA_COMPILER_FLAGS=-mcpu=cortex-a9 -mfpu=vfpv3 -mfloat-abi=hard -nostartfiles -g -Wall -Wextra"
"Compiling ddrps"
"Running Make libs in ps7_cortexa9_0/libsrc/devcfg_v3_5/src"
make -C ps7_cortexa9_0/libsrc/devcfg_v3_5/src -s libs  "SHELL=CMD" "COMPILER=arm-none-eabi-gcc" "ARCHIVER=arm-none-eabi-ar" "COMPILER_FLAGS=  -O2 -c" "EXTRA_COMPILER_FLAGS=-mcpu=cortex-a9 -mfpu=vfpv3 -mfloat-abi=hard -nostartfiles -g -Wall -Wextra"
"Compiling devcfg"
"Running Make libs in ps7_cortexa9_0/libsrc/dmaps_v2_3/src"
make -C ps7_cortexa9_0/libsrc/dmaps_v2_3/src -s libs  "SHELL=CMD" "COMPILER=arm-none-eabi-gcc" "ARCHIVER=arm-none-eabi-ar" "COMPILER_FLAGS=  -O2 -c" "EXTRA_COMPILER_FLAGS=-mcpu=cortex-a9 -mfpu=vfpv3 -mfloat-abi=hard -nostartfiles -g -Wall -Wextra"
"Compiling dmaps"
"Running Make libs in ps7_cortexa9_0/libsrc/qspips_v3_4/src"
make -C ps7_cortexa9_0/libsrc/qspips_v3_4/src -s libs  "SHELL=CMD" "COMPILER=arm-none-eabi-gcc" "ARCHIVER=arm-none-eabi-ar" "COMPILER_FLAGS=  -O2 -c" "EXTRA_COMPILER_FLAGS=-mcpu=cortex-a9 -mfpu=vfpv3 -mfloat-abi=hard -nostartfiles -g -Wall -Wextra"
"Compiling qspips"
"Running Make libs in ps7_cortexa9_0/libsrc/scugic_v3_9/src"
make -C ps7_cortexa9_0/libsrc/scugic_v3_9/src -s libs  "SHELL=CMD" "COMPILER=arm-none-eabi-gcc" "ARCHIVER=arm-none-eabi-ar" "COMPILER_FLAGS=  -O2 -c" "EXTRA_COMPILER_FLAGS=-mcpu=cortex-a9 -mfpu=vfpv3 -mfloat-abi=hard -nostartfiles -g -Wall -Wextra"
"Compiling scugic"
"Running Make libs in ps7_cortexa9_0/libsrc/scutimer_v2_1/src"
[...]
' '
'Invoking: ARM v7 Print Size'
arm-none-eabi-size uart_stm32_bsp_xuartlite_polled_example_1.elf  |tee "uart_stm32_bsp_xuartlite_polled_example_1.elf.size"
   text	   data	    bss	    dec	    hex	filename
  24564	   1168	  22696	  48428	   bd2c	uart_stm32_bsp_xuartlite_polled_example_1.elf
'Finished building: uart_stm32_bsp_xuartlite_polled_example_1.elf.size'
' '
14:03:32 **** Build of configuration Debug for project uart_stm32_bsp_xuartlite_low_level_example_1 ****
make pre-build main-build 
a9-linaro-pre-build-step
' '
'Building file: ../src/xuartlite_low_level_example.c'
'Invoking: ARM v7 gcc compiler'
arm-none-eabi-gcc -Wall -O0 -g3 -c -fmessage-length=0 -MT"src/xuartlite_low_level_example.o" -mcpu=cortex-a9 -mfpu=vfpv3 -mfloat-abi=hard -I../../uart_stm32_bsp/ps7_cortexa9_0/include -MMD -MP -MF"src/xuartlite_low_level_example.d" -MT"src/xuartlite_low_level_example.o" -o "src/xuartlite_low_level_example.o" "../src/xuartlite_low_level_example.c"
'Finished building: ../src/xuartlite_low_level_example.c'
' '
'Building target: uart_stm32_bsp_xuartlite_low_level_example_1.elf'
'Invoking: ARM v7 gcc linker'
arm-none-eabi-gcc -mcpu=cortex-a9 -mfpu=vfpv3 -mfloat-abi=hard -Wl,-build-id=none -specs=Xilinx.spec -Wl,-T -Wl,../src/lscript.ld -L../../uart_stm32_bsp/ps7_cortexa9_0/lib -o "uart_stm32_bsp_xuartlite_low_level_example_1.elf"  ./src/xuartlite_low_level_example.o   -Wl,--start-group,-lxil,-lgcc,-lc,--end-group
'Finished building target: uart_stm32_bsp_xuartlite_low_level_example_1.elf'
' '
'Invoking: ARM v7 Print Size'
arm-none-eabi-size uart_stm32_bsp_xuartlite_low_level_example_1.elf  |tee "uart_stm32_bsp_xuartlite_low_level_example_1.elf.size"
   text	   data	    bss	    dec	    hex	filename
  22444	   1144	  22600	  46188	   b46c	uart_stm32_bsp_xuartlite_low_level_example_1.elf
'Finished building: uart_stm32_bsp_xuartlite_low_level_example_1.elf.size'
' '
14:06:20 **** Auto Build of configuration Debug for project uart_stm32 ****
make pre-build main-build 
a9-linaro-pre-build-step
' '
'Building file: ../src/helloworld.c'
'Invoking: ARM v7 gcc compiler'
arm-none-eabi-gcc -Wall -O0 -g3 -c -fmessage-length=0 -MT"src/helloworld.o" -mcpu=cortex-a9 -mfpu=vfpv3 -mfloat-abi=hard -I../../uart_stm32_bsp/ps7_cortexa9_0/include -MMD -MP -MF"src/helloworld.d" -MT"src/helloworld.o" -o "src/helloworld.o" "../src/helloworld.c"
../src/helloworld.c: In function 'main':
../src/helloworld.c:26:5: error: 'RecvBuffer' undeclared (first use in this function); did you mean 'setbuffer'?
     RecvBuffer[Index] = XUartLite_RecvByte(XPAR_AXI_UARTLITE_0_BASEADDR);
     ^~~~~~~~~~
     setbuffer
../src/helloworld.c:26:5: note: each undeclared identifier is reported only once for each function it appears in
../src/helloworld.c:26:25: warning: implicit declaration of function 'XUartLite_RecvByte'; did you mean 'XUartLite_Recv'? [-Wimplicit-function-declaration]
     RecvBuffer[Index] = XUartLite_RecvByte(XPAR_AXI_UARTLITE_0_BASEADDR);
                         ^~~~~~~~~~~~~~~~~~
                         XUartLite_Recv
../src/helloworld.c:13:5: warning: unused variable 'msg_send' [-Wunused-variable]
  u8 msg_send[MAX] = "hello\n\r";
     ^~~~~~~~
make: *** [src/helloworld.o] 오류 1
14:06:25 **** Auto Build of configuration Debug for project uart_stm32 ****
make pre-build main-build 
a9-linaro-pre-build-step
' '
'Building file: ../src/helloworld.c'
'Invoking: ARM v7 gcc compiler'
arm-none-eabi-gcc -Wall -O0 -g3 -c -fmessage-length=0 -MT"src/helloworld.o" -mcpu=cortex-a9 -mfpu=vfpv3 -mfloat-abi=hard -I../../uart_stm32_bsp/ps7_cortexa9_0/include -MMD -MP -MF"src/helloworld.d" -MT"src/helloworld.o" -o "src/helloworld.o" "../src/helloworld.c"
../src/helloworld.c: In function 'main':
../src/helloworld.c:14:21: error: invalid initializer
  u8 msg_recv[MAX] = 0;
                     ^
../src/helloworld.c:26:5: error: 'RecvBuffer' undeclared (first use in this function); did you mean 'setbuffer'?
     RecvBuffer[Index] = XUartLite_RecvByte(XPAR_AXI_UARTLITE_0_BASEADDR);
     ^~~~~~~~~~
     setbuffer
../src/helloworld.c:26:5: note: each undeclared identifier is reported only once for each function it appears in
../src/helloworld.c:26:25: warning: implicit declaration of function 'XUartLite_RecvByte'; did you mean 'XUartLite_Recv'? [-Wimplicit-function-declaration]
     RecvBuffer[Index] = XUartLite_RecvByte(XPAR_AXI_UARTLITE_0_BASEADDR);
                         ^~~~~~~~~~~~~~~~~~
                         XUartLite_Recv
../src/helloworld.c:13:5: warning: unused variable 'msg_send' [-Wunused-variable]
  u8 msg_send[MAX] = "hello\n\r";
     ^~~~~~~~
make: *** [src/helloworld.o] 오류 1
14:06:41 **** Auto Build of configuration Debug for project uart_stm32 ****
make pre-build main-build 
a9-linaro-pre-build-step
' '
'Building file: ../src/helloworld.c'
'Invoking: ARM v7 gcc compiler'
arm-none-eabi-gcc -Wall -O0 -g3 -c -fmessage-length=0 -MT"src/helloworld.o" -mcpu=cortex-a9 -mfpu=vfpv3 -mfloat-abi=hard -I../../uart_stm32_bsp/ps7_cortexa9_0/include -MMD -MP -MF"src/helloworld.d" -MT"src/helloworld.o" -o "src/helloworld.o" "../src/helloworld.c"
../src/helloworld.c: In function 'main':
../src/helloworld.c:14:21: error: invalid initializer
  u8 msg_recv[MAX] = 0;
                     ^
../src/helloworld.c:26:22: warning: implicit declaration of function 'XUartLite_RecvByte'; did you mean 'XUartLite_Recv'? [-Wimplicit-function-declaration]
    msg_recv[Index] = XUartLite_RecvByte(XPAR_AXI_UARTLITE_0_BASEADDR);
                      ^~~~~~~~~~~~~~~~~~
                      XUartLite_Recv
../src/helloworld.c:13:5: warning: unused variable 'msg_send' [-Wunused-variable]
  u8 msg_send[MAX] = "hello\n\r";
     ^~~~~~~~
make: *** [src/helloworld.o] 오류 1
14:06:53 **** Auto Build of configuration Debug for project uart_stm32 ****
make pre-build main-build 
a9-linaro-pre-build-step
' '
'Building file: ../src/helloworld.c'
'Invoking: ARM v7 gcc compiler'
arm-none-eabi-gcc -Wall -O0 -g3 -c -fmessage-length=0 -MT"src/helloworld.o" -mcpu=cortex-a9 -mfpu=vfpv3 -mfloat-abi=hard -I../../uart_stm32_bsp/ps7_cortexa9_0/include -MMD -MP -MF"src/helloworld.d" -MT"src/helloworld.o" -o "src/helloworld.o" "../src/helloworld.c"
../src/helloworld.c: In function 'main':
../src/helloworld.c:26:22: warning: implicit declaration of function 'XUartLite_RecvByte'; did you mean 'XUartLite_Recv'? [-Wimplicit-function-declaration]
    msg_recv[Index] = XUartLite_RecvByte(XPAR_AXI_UARTLITE_0_BASEADDR);
                      ^~~~~~~~~~~~~~~~~~
                      XUartLite_Recv
../src/helloworld.c:13:5: warning: unused variable 'msg_send' [-Wunused-variable]
  u8 msg_send[MAX] = "hello\n\r";
     ^~~~~~~~
'Finished building: ../src/helloworld.c'
' '
'Building target: uart_stm32.elf'
'Invoking: ARM v7 gcc linker'
arm-none-eabi-gcc -mcpu=cortex-a9 -mfpu=vfpv3 -mfloat-abi=hard -Wl,-build-id=none -specs=Xilinx.spec -Wl,-T -Wl,../src/lscript.ld -L../../uart_stm32_bsp/ps7_cortexa9_0/lib -o "uart_stm32.elf"  ./src/helloworld.o ./src/platform.o   -Wl,--start-group,-lxil,-lgcc,-lc,--end-group
'Finished building target: uart_stm32.elf'
' '
'Invoking: ARM v7 Print Size'
arm-none-eabi-size uart_stm32.elf  |tee "uart_stm32.elf.size"
   text	   data	    bss	    dec	    hex	filename
  25028	   1168	  22664	  48860	   bedc	uart_stm32.elf
'Finished building: uart_stm32.elf.size'
' '
14:06:58 **** Incremental Build of configuration Debug for project uart_stm32 ****
make pre-build main-build 
a9-linaro-pre-build-step
' '
make: `main-build'를 위해 할 일이 없습니다
14:12:08 **** Incremental Build of configuration Debug for project uart_stm32 ****
make pre-build main-build 
a9-linaro-pre-build-step
' '
'Building file: ../src/helloworld.c'
'Invoking: ARM v7 gcc compiler'
arm-none-eabi-gcc -Wall -O0 -g3 -c -fmessage-length=0 -MT"src/helloworld.o" -mcpu=cortex-a9 -mfpu=vfpv3 -mfloat-abi=hard -I../../uart_stm32_bsp/ps7_cortexa9_0/include -MMD -MP -MF"src/helloworld.d" -MT"src/helloworld.o" -o "src/helloworld.o" "../src/helloworld.c"
../src/helloworld.c: In function 'main':
../src/helloworld.c:23:31: warning: passing argument 2 of 'XUartLite_Recv' from incompatible pointer type [-Wincompatible-pointer-types]
   while(XUartLite_Recv(&uart, msg_recv, sizeof(msg_recv)) == 0);
                               ^~~~~~~~
In file included from ../src/helloworld.c:3:0:
../../uart_stm32_bsp/ps7_cortexa9_0/include/xuartlite.h:258:14: note: expected 'u8 * {aka unsigned char *}' but argument is of type 'u16 * {aka short unsigned int *}'
 unsigned int XUartLite_Recv(XUartLite *InstancePtr, u8 *DataBufferPtr,
              ^~~~~~~~~~~~~~
../src/helloworld.c:25:12: error: 'Index' undeclared (first use in this function); did you mean 'index'?
   msg_recv[Index] = XUartLite_RecvByte(XPAR_AXI_UARTLITE_0_BASEADDR);
            ^~~~~
            index
../src/helloworld.c:25:12: note: each undeclared identifier is reported only once for each function it appears in
../src/helloworld.c:25:21: warning: implicit declaration of function 'XUartLite_RecvByte'; did you mean 'XUartLite_Recv'? [-Wimplicit-function-declaration]
   msg_recv[Index] = XUartLite_RecvByte(XPAR_AXI_UARTLITE_0_BASEADDR);
                     ^~~~~~~~~~~~~~~~~~
                     XUartLite_Recv
../src/helloworld.c:13:5: warning: unused variable 'msg_send' [-Wunused-variable]
  u8 msg_send[MAX] = "hello\n\r";
     ^~~~~~~~
make: *** [src/helloworld.o] 오류 1
14:12:28 **** Incremental Build of configuration Debug for project uart_stm32 ****
make pre-build main-build 
a9-linaro-pre-build-step
' '
'Building file: ../src/helloworld.c'
'Invoking: ARM v7 gcc compiler'
arm-none-eabi-gcc -Wall -O0 -g3 -c -fmessage-length=0 -MT"src/helloworld.o" -mcpu=cortex-a9 -mfpu=vfpv3 -mfloat-abi=hard -I../../uart_stm32_bsp/ps7_cortexa9_0/include -MMD -MP -MF"src/helloworld.d" -MT"src/helloworld.o" -o "src/helloworld.o" "../src/helloworld.c"
../src/helloworld.c: In function 'main':
../src/helloworld.c:14:6: error: array size missing in 'msg_recv'
  u16 msg_recv[];
      ^~~~~~~~
../src/helloworld.c:23:31: warning: passing argument 2 of 'XUartLite_Recv' from incompatible pointer type [-Wincompatible-pointer-types]
   while(XUartLite_Recv(&uart, msg_recv, sizeof(msg_recv)) == 0);
                               ^~~~~~~~
In file included from ../src/helloworld.c:3:0:
../../uart_stm32_bsp/ps7_cortexa9_0/include/xuartlite.h:258:14: note: expected 'u8 * {aka unsigned char *}' but argument is of type 'u16 * {aka short unsigned int *}'
 unsigned int XUartLite_Recv(XUartLite *InstancePtr, u8 *DataBufferPtr,
              ^~~~~~~~~~~~~~
../src/helloworld.c:25:17: warning: implicit declaration of function 'XUartLite_RecvByte'; did you mean 'XUartLite_Recv'? [-Wimplicit-function-declaration]
   msg_recv[0] = XUartLite_RecvByte(XPAR_AXI_UARTLITE_0_BASEADDR);
                 ^~~~~~~~~~~~~~~~~~
                 XUartLite_Recv
../src/helloworld.c:13:5: warning: unused variable 'msg_send' [-Wunused-variable]
  u8 msg_send[MAX] = "hello\n\r";
     ^~~~~~~~
make: *** [src/helloworld.o] 오류 1
14:13:10 **** Incremental Build of configuration Debug for project uart_stm32 ****
make pre-build main-build 
a9-linaro-pre-build-step
' '
'Building file: ../src/helloworld.c'
'Invoking: ARM v7 gcc compiler'
arm-none-eabi-gcc -Wall -O0 -g3 -c -fmessage-length=0 -MT"src/helloworld.o" -mcpu=cortex-a9 -mfpu=vfpv3 -mfloat-abi=hard -I../../uart_stm32_bsp/ps7_cortexa9_0/include -MMD -MP -MF"src/helloworld.d" -MT"src/helloworld.o" -o "src/helloworld.o" "../src/helloworld.c"
../src/helloworld.c: In function 'main':
../src/helloworld.c:14:6: error: array size missing in 'msg_recv'
  u16 msg_recv[];
      ^~~~~~~~
../src/helloworld.c:25:17: warning: implicit declaration of function 'XUartLite_RecvByte'; did you mean 'XUartLite_Recv'? [-Wimplicit-function-declaration]
   msg_recv[0] = XUartLite_RecvByte(XPAR_AXI_UARTLITE_0_BASEADDR);
                 ^~~~~~~~~~~~~~~~~~
                 XUartLite_Recv
../src/helloworld.c:13:5: warning: unused variable 'msg_send' [-Wunused-variable]
  u8 msg_send[MAX] = "hello\n\r";
     ^~~~~~~~
make: *** [src/helloworld.o] 오류 1
14:13:56 **** Incremental Build of configuration Debug for project uart_stm32 ****
make pre-build main-build 
a9-linaro-pre-build-step
' '
'Building file: ../src/helloworld.c'
'Invoking: ARM v7 gcc compiler'
arm-none-eabi-gcc -Wall -O0 -g3 -c -fmessage-length=0 -MT"src/helloworld.o" -mcpu=cortex-a9 -mfpu=vfpv3 -mfloat-abi=hard -I../../uart_stm32_bsp/ps7_cortexa9_0/include -MMD -MP -MF"src/helloworld.d" -MT"src/helloworld.o" -o "src/helloworld.o" "../src/helloworld.c"
../src/helloworld.c: In function 'main':
../src/helloworld.c:26:17: warning: implicit declaration of function 'XUartLite_RecvByte'; did you mean 'XUartLite_Recv'? [-Wimplicit-function-declaration]
   msg_recv[0] = XUartLite_RecvByte(XPAR_AXI_UARTLITE_0_BASEADDR);
                 ^~~~~~~~~~~~~~~~~~
                 XUartLite_Recv
../src/helloworld.c:14:5: warning: unused variable 'msg_send' [-Wunused-variable]
  u8 msg_send[MAX] = "hello\n\r";
     ^~~~~~~~
../src/helloworld.c: At top level:
../src/helloworld.c:10:5: warning: array 'msg_recv' assumed to have one element
 u16 msg_recv[];
     ^~~~~~~~
'Finished building: ../src/helloworld.c'
' '
'Building target: uart_stm32.elf'
'Invoking: ARM v7 gcc linker'
arm-none-eabi-gcc -mcpu=cortex-a9 -mfpu=vfpv3 -mfloat-abi=hard -Wl,-build-id=none -specs=Xilinx.spec -Wl,-T -Wl,../src/lscript.ld -L../../uart_stm32_bsp/ps7_cortexa9_0/lib -o "uart_stm32.elf"  ./src/helloworld.o ./src/platform.o   -Wl,--start-group,-lxil,-lgcc,-lc,--end-group
'Finished building target: uart_stm32.elf'
' '
'Invoking: ARM v7 Print Size'
arm-none-eabi-size uart_stm32.elf  |tee "uart_stm32.elf.size"
   text	   data	    bss	    dec	    hex	filename
  24112	   1168	  22664	  47944	   bb48	uart_stm32.elf
'Finished building: uart_stm32.elf.size'
' '
14:16:48 **** Incremental Build of configuration Debug for project uart_stm32 ****
make pre-build main-build 
a9-linaro-pre-build-step
' '
'Building file: ../src/helloworld.c'
'Invoking: ARM v7 gcc compiler'
arm-none-eabi-gcc -Wall -O0 -g3 -c -fmessage-length=0 -MT"src/helloworld.o" -mcpu=cortex-a9 -mfpu=vfpv3 -mfloat-abi=hard -I../../uart_stm32_bsp/ps7_cortexa9_0/include -MMD -MP -MF"src/helloworld.d" -MT"src/helloworld.o" -o "src/helloworld.o" "../src/helloworld.c"
'Finished building: ../src/helloworld.c'
' '
'Building target: uart_stm32.elf'
'Invoking: ARM v7 gcc linker'
arm-none-eabi-gcc -mcpu=cortex-a9 -mfpu=vfpv3 -mfloat-abi=hard -Wl,-build-id=none -specs=Xilinx.spec -Wl,-T -Wl,../src/lscript.ld -L../../uart_stm32_bsp/ps7_cortexa9_0/lib -o "uart_stm32.elf"  ./src/helloworld.o ./src/platform.o   -Wl,--start-group,-lxil,-lgcc,-lc,--end-group
'Finished building target: uart_stm32.elf'
' '
'Invoking: ARM v7 Print Size'
arm-none-eabi-size uart_stm32.elf  |tee "uart_stm32.elf.size"
   text	   data	    bss	    dec	    hex	filename
  24176	   1168	  22664	  48008	   bb88	uart_stm32.elf
'Finished building: uart_stm32.elf.size'
' '
14:17:14 **** Incremental Build of configuration Debug for project uart_stm32 ****
make pre-build main-build 
a9-linaro-pre-build-step
' '
'Building file: ../src/helloworld.c'
'Invoking: ARM v7 gcc compiler'
arm-none-eabi-gcc -Wall -O0 -g3 -c -fmessage-length=0 -MT"src/helloworld.o" -mcpu=cortex-a9 -mfpu=vfpv3 -mfloat-abi=hard -I../../uart_stm32_bsp/ps7_cortexa9_0/include -MMD -MP -MF"src/helloworld.d" -MT"src/helloworld.o" -o "src/helloworld.o" "../src/helloworld.c"
../src/helloworld.c: In function 'main':
../src/helloworld.c:13:5: warning: unused variable 'msg_send' [-Wunused-variable]
  u8 msg_send[MAX] = "hello\n\r";
     ^~~~~~~~
'Finished building: ../src/helloworld.c'
' '
'Building target: uart_stm32.elf'
'Invoking: ARM v7 gcc linker'
arm-none-eabi-gcc -mcpu=cortex-a9 -mfpu=vfpv3 -mfloat-abi=hard -Wl,-build-id=none -specs=Xilinx.spec -Wl,-T -Wl,../src/lscript.ld -L../../uart_stm32_bsp/ps7_cortexa9_0/lib -o "uart_stm32.elf"  ./src/helloworld.o ./src/platform.o   -Wl,--start-group,-lxil,-lgcc,-lc,--end-group
'Finished building target: uart_stm32.elf'
' '
'Invoking: ARM v7 Print Size'
arm-none-eabi-size uart_stm32.elf  |tee "uart_stm32.elf.size"
   text	   data	    bss	    dec	    hex	filename
  24112	   1168	  22664	  47944	   bb48	uart_stm32.elf
'Finished building: uart_stm32.elf.size'
' '
14:28:01 **** Incremental Build of configuration Debug for project uart_stm32 ****
make pre-build main-build 
a9-linaro-pre-build-step
' '
make: `main-build'를 위해 할 일이 없습니다
14:28:16 **** Incremental Build of configuration Debug for project uart_stm32 ****
make pre-build main-build 
a9-linaro-pre-build-step
' '
make: `main-build'를 위해 할 일이 없습니다
14:28:47 **** Incremental Build of configuration Debug for project uart_stm32 ****
make pre-build main-build 
a9-linaro-pre-build-step
' '
make: `main-build'를 위해 할 일이 없습니다
14:29:11 **** Incremental Build of configuration Debug for project uart_stm32 ****
make pre-build main-build 
a9-linaro-pre-build-step
' '
make: `main-build'를 위해 할 일이 없습니다
14:29:41 **** Incremental Build of configuration Debug for project uart_stm32 ****
make pre-build main-build 
a9-linaro-pre-build-step
' '
make: `main-build'를 위해 할 일이 없습니다
14:29:57 **** Incremental Build of configuration Debug for project uart_stm32 ****
make pre-build main-build 
a9-linaro-pre-build-step
' '
make: `main-build'를 위해 할 일이 없습니다
14:31:50 **** Incremental Build of configuration Debug for project uart_stm32 ****
make pre-build main-build 
a9-linaro-pre-build-step
' '
'Building file: ../src/helloworld.c'
'Invoking: ARM v7 gcc compiler'
arm-none-eabi-gcc -Wall -O0 -g3 -c -fmessage-length=0 -MT"src/helloworld.o" -mcpu=cortex-a9 -mfpu=vfpv3 -mfloat-abi=hard -I../../uart_stm32_bsp/ps7_cortexa9_0/include -MMD -MP -MF"src/helloworld.d" -MT"src/helloworld.o" -o "src/helloworld.o" "../src/helloworld.c"
../src/helloworld.c: In function 'main':
../src/helloworld.c:13:5: warning: unused variable 'msg_send' [-Wunused-variable]
  u8 msg_send[MAX] = "hello\n\r";
     ^~~~~~~~
'Finished building: ../src/helloworld.c'
' '
'Building target: uart_stm32.elf'
'Invoking: ARM v7 gcc linker'
arm-none-eabi-gcc -mcpu=cortex-a9 -mfpu=vfpv3 -mfloat-abi=hard -Wl,-build-id=none -specs=Xilinx.spec -Wl,-T -Wl,../src/lscript.ld -L../../uart_stm32_bsp/ps7_cortexa9_0/lib -o "uart_stm32.elf"  ./src/helloworld.o ./src/platform.o   -Wl,--start-group,-lxil,-lgcc,-lc,--end-group
'Finished building target: uart_stm32.elf'
' '
'Invoking: ARM v7 Print Size'
arm-none-eabi-size uart_stm32.elf  |tee "uart_stm32.elf.size"
   text	   data	    bss	    dec	    hex	filename
  24024	   1168	  22664	  47856	   baf0	uart_stm32.elf
'Finished building: uart_stm32.elf.size'
' '
14:34:46 **** Incremental Build of configuration Debug for project uart_stm32 ****
make pre-build main-build 
a9-linaro-pre-build-step
' '
'Building file: ../src/helloworld.c'
'Invoking: ARM v7 gcc compiler'
arm-none-eabi-gcc -Wall -O0 -g3 -c -fmessage-length=0 -MT"src/helloworld.o" -mcpu=cortex-a9 -mfpu=vfpv3 -mfloat-abi=hard -I../../uart_stm32_bsp/ps7_cortexa9_0/include -MMD -MP -MF"src/helloworld.d" -MT"src/helloworld.o" -o "src/helloworld.o" "../src/helloworld.c"
../src/helloworld.c: In function 'main':
../src/helloworld.c:13:5: warning: unused variable 'msg_send' [-Wunused-variable]
  u8 msg_send[MAX] = "hello\n\r";
     ^~~~~~~~
'Finished building: ../src/helloworld.c'
' '
'Building target: uart_stm32.elf'
'Invoking: ARM v7 gcc linker'
arm-none-eabi-gcc -mcpu=cortex-a9 -mfpu=vfpv3 -mfloat-abi=hard -Wl,-build-id=none -specs=Xilinx.spec -Wl,-T -Wl,../src/lscript.ld -L../../uart_stm32_bsp/ps7_cortexa9_0/lib -o "uart_stm32.elf"  ./src/helloworld.o ./src/platform.o   -Wl,--start-group,-lxil,-lgcc,-lc,--end-group
'Finished building target: uart_stm32.elf'
' '
'Invoking: ARM v7 Print Size'
arm-none-eabi-size uart_stm32.elf  |tee "uart_stm32.elf.size"
   text	   data	    bss	    dec	    hex	filename
  24112	   1168	  22664	  47944	   bb48	uart_stm32.elf
'Finished building: uart_stm32.elf.size'
' '
