14:34:46 **** Incremental Build of configuration Debug for project uart_stm32 ****
make pre-build main-build 
a9-linaro-pre-build-step
' '
'Building file: ../src/helloworld.c'
'Invoking: ARM v7 gcc compiler'
arm-none-eabi-gcc -Wall -O0 -g3 -c -fmessage-length=0 -MT"src/helloworld.o" -mcpu=cortex-a9 -mfpu=vfpv3 -mfloat-abi=hard -I../../uart_stm32_bsp/ps7_cortexa9_0/include -MMD -MP -MF"src/helloworld.d" -MT"src/helloworld.o" -o "src/helloworld.o" "../src/helloworld.c"
../src/helloworld.c: In function 'main':
../src/helloworld.c:13:5: warning: unused variable 'msg_send' [-Wunused-variable]
  u8 msg_send[MAX] = "hello\n\r";
     ^~~~~~~~
'Finished building: ../src/helloworld.c'
' '
'Building target: uart_stm32.elf'
'Invoking: ARM v7 gcc linker'
arm-none-eabi-gcc -mcpu=cortex-a9 -mfpu=vfpv3 -mfloat-abi=hard -Wl,-build-id=none -specs=Xilinx.spec -Wl,-T -Wl,../src/lscript.ld -L../../uart_stm32_bsp/ps7_cortexa9_0/lib -o "uart_stm32.elf"  ./src/helloworld.o ./src/platform.o   -Wl,--start-group,-lxil,-lgcc,-lc,--end-group
'Finished building target: uart_stm32.elf'
' '
'Invoking: ARM v7 Print Size'
arm-none-eabi-size uart_stm32.elf  |tee "uart_stm32.elf.size"
   text	   data	    bss	    dec	    hex	filename
  24112	   1168	  22664	  47944	   bb48	uart_stm32.elf
'Finished building: uart_stm32.elf.size'
' '

14:34:47 Build Finished (took 969ms)

