18:56:04 **** Auto Build of configuration Debug for project matrixmul_bsp_xaxidma_example_selftest_1 ****
make pre-build main-build 
a9-linaro-pre-build-step
' '
'Building file: ../src/xaxidma_example_selftest.c'
'Invoking: ARM v7 gcc compiler'
arm-none-eabi-gcc -Wall -O0 -g3 -c -fmessage-length=0 -MT"src/xaxidma_example_selftest.o" -mcpu=cortex-a9 -mfpu=vfpv3 -mfloat-abi=hard -I../../matrixmul_bsp/ps7_cortexa9_0/include -MMD -MP -MF"src/xaxidma_example_selftest.d" -MT"src/xaxidma_example_selftest.o" -o "src/xaxidma_example_selftest.o" "../src/xaxidma_example_selftest.c"
'Finished building: ../src/xaxidma_example_selftest.c'
' '
'Building target: matrixmul_bsp_xaxidma_example_selftest_1.elf'
'Invoking: ARM v7 gcc linker'
arm-none-eabi-gcc -mcpu=cortex-a9 -mfpu=vfpv3 -mfloat-abi=hard -Wl,-build-id=none -specs=Xilinx.spec -Wl,-T -Wl,../src/lscript.ld -L../../matrixmul_bsp/ps7_cortexa9_0/lib -o "matrixmul_bsp_xaxidma_example_selftest_1.elf"  ./src/xaxidma_example_selftest.o   -Wl,--start-group,-lxil,-lgcc,-lc,--end-group
'Finished building target: matrixmul_bsp_xaxidma_example_selftest_1.elf'
' '
'Invoking: ARM v7 Print Size'
arm-none-eabi-size matrixmul_bsp_xaxidma_example_selftest_1.elf  |tee "matrixmul_bsp_xaxidma_example_selftest_1.elf.size"
   text	   data	    bss	    dec	    hex	filename
  34856	   2328	  24520	  61704	   f108	matrixmul_bsp_xaxidma_example_selftest_1.elf
'Finished building: matrixmul_bsp_xaxidma_example_selftest_1.elf.size'
' '

18:56:04 Build Finished (took 965ms)

