18:56:02 **** Auto Build of configuration Debug for project matrixmul_bsp_xaxidma_example_poll_multi_pkts_1 ****
make pre-build main-build 
a9-linaro-pre-build-step
' '
'Building file: ../src/xaxidma_example_poll_multi_pkts.c'
'Invoking: ARM v7 gcc compiler'
arm-none-eabi-gcc -Wall -O0 -g3 -c -fmessage-length=0 -MT"src/xaxidma_example_poll_multi_pkts.o" -mcpu=cortex-a9 -mfpu=vfpv3 -mfloat-abi=hard -I../../matrixmul_bsp/ps7_cortexa9_0/include -MMD -MP -MF"src/xaxidma_example_poll_multi_pkts.d" -MT"src/xaxidma_example_poll_multi_pkts.o" -o "src/xaxidma_example_poll_multi_pkts.o" "../src/xaxidma_example_poll_multi_pkts.c"
../src/xaxidma_example_poll_multi_pkts.c:122:2: warning: #warning CHECK FOR THE VALID DDR ADDRESS IN XPARAMETERS.H, DEFAULT SET TO 0x01000000 [-Wcpp]
 #warning CHECK FOR THE VALID DDR ADDRESS IN XPARAMETERS.H, \
  ^~~~~~~
'Finished building: ../src/xaxidma_example_poll_multi_pkts.c'
' '
'Building target: matrixmul_bsp_xaxidma_example_poll_multi_pkts_1.elf'
'Invoking: ARM v7 gcc linker'
arm-none-eabi-gcc -mcpu=cortex-a9 -mfpu=vfpv3 -mfloat-abi=hard -Wl,-build-id=none -specs=Xilinx.spec -Wl,-T -Wl,../src/lscript.ld -L../../matrixmul_bsp/ps7_cortexa9_0/lib -o "matrixmul_bsp_xaxidma_example_poll_multi_pkts_1.elf"  ./src/xaxidma_example_poll_multi_pkts.o   -Wl,--start-group,-lxil,-lgcc,-lc,--end-group
'Finished building target: matrixmul_bsp_xaxidma_example_poll_multi_pkts_1.elf'
' '
'Invoking: ARM v7 Print Size'
arm-none-eabi-size matrixmul_bsp_xaxidma_example_poll_multi_pkts_1.elf  |tee "matrixmul_bsp_xaxidma_example_poll_multi_pkts_1.elf.size"
   text	   data	    bss	    dec	    hex	filename
  38448	   2328	  24504	  65280	   ff00	matrixmul_bsp_xaxidma_example_poll_multi_pkts_1.elf
'Finished building: matrixmul_bsp_xaxidma_example_poll_multi_pkts_1.elf.size'
' '

18:56:03 Build Finished (took 965ms)

