16:12:54 **** Incremental Build of configuration Debug for project HW_ALU ****
make pre-build main-build 
a9-linaro-pre-build-step
' '
'Building file: ../src/HW1_ALU.c'
'Invoking: ARM v7 gcc compiler'
arm-none-eabi-gcc -Wall -O0 -g3 -c -fmessage-length=0 -MT"src/HW1_ALU.o" -mcpu=cortex-a9 -mfpu=vfpv3 -mfloat-abi=hard -I../../HW_ALU_bsp/ps7_cortexa9_0/include -MMD -MP -MF"src/HW1_ALU.d" -MT"src/HW1_ALU.o" -o "src/HW1_ALU.o" "../src/HW1_ALU.c"
'Finished building: ../src/HW1_ALU.c'
' '
'Building target: HW_ALU.elf'
'Invoking: ARM v7 gcc linker'
arm-none-eabi-gcc -mcpu=cortex-a9 -mfpu=vfpv3 -mfloat-abi=hard -Wl,-build-id=none -specs=Xilinx.spec -Wl,-T -Wl,../src/lscript.ld -L../../HW_ALU_bsp/ps7_cortexa9_0/lib -o "HW_ALU.elf"  ./src/HW1_ALU.o ./src/platform.o   -Wl,--start-group,-lxil,-lgcc,-lc,--end-group
'Finished building target: HW_ALU.elf'
' '
'Invoking: ARM v7 Print Size'
arm-none-eabi-size HW_ALU.elf  |tee "HW_ALU.elf.size"
   text	   data	    bss	    dec	    hex	filename
  25372	   1200	  22632	  49204	   c034	HW_ALU.elf
'Finished building: HW_ALU.elf.size'
' '

16:12:56 Build Finished (took 1s.548ms)

